-- Logs begin at Sat 2024-11-16 09:42:40 UTC, end at Tue 2024-11-19 23:29:41 UTC. --
Nov 16 09:42:40 localhost.localdomain kernel: Linux version 5.4.17-2136.310.7.1.el8uek.x86_64 (mockbuild@host-100-100-224-44) (gcc version 8.3.1 20190507 (Red Hat 8.3.1-4.5.0.8) (GCC)) #2 SMP Wed Aug 17 15:14:08 PDT 2022
Nov 16 09:42:40 localhost.localdomain kernel: Command line: BOOT_IMAGE=(hd0,gpt2)/boot/vmlinuz-5.4.17-2136.310.7.1.el8uek.x86_64 root=UUID=a8d18b4e-1ac0-45e3-ba22-6e3a05840f20 ro console=tty0 console=ttyS0,115200n8 rootflags=discard ipv6.disable=1
Nov 16 09:42:40 localhost.localdomain kernel: x86/fpu: Supporting XSAVE feature 0x001: 'x87 floating point registers'
Nov 16 09:42:40 localhost.localdomain kernel: x86/fpu: Supporting XSAVE feature 0x002: 'SSE registers'
Nov 16 09:42:40 localhost.localdomain kernel: x86/fpu: Supporting XSAVE feature 0x004: 'AVX registers'
Nov 16 09:42:40 localhost.localdomain kernel: x86/fpu: Supporting XSAVE feature 0x020: 'AVX-512 opmask'
Nov 16 09:42:40 localhost.localdomain kernel: x86/fpu: Supporting XSAVE feature 0x040: 'AVX-512 Hi256'
Nov 16 09:42:40 localhost.localdomain kernel: x86/fpu: Supporting XSAVE feature 0x080: 'AVX-512 ZMM_Hi256'
Nov 16 09:42:40 localhost.localdomain kernel: x86/fpu: xstate_offset[2]:  576, xstate_sizes[2]:  256
Nov 16 09:42:40 localhost.localdomain kernel: x86/fpu: xstate_offset[5]: 1088, xstate_sizes[5]:   64
Nov 16 09:42:40 localhost.localdomain kernel: x86/fpu: xstate_offset[6]: 1152, xstate_sizes[6]:  512
Nov 16 09:42:40 localhost.localdomain kernel: x86/fpu: xstate_offset[7]: 1664, xstate_sizes[7]: 1024
Nov 16 09:42:40 localhost.localdomain kernel: x86/fpu: Enabled xstate features 0xe7, context size is 2688 bytes, using 'standard' format.
Nov 16 09:42:40 localhost.localdomain kernel: BIOS-provided physical RAM map:
Nov 16 09:42:40 localhost.localdomain kernel: BIOS-e820: [mem 0x0000000000000000-0x000000000009ffff] usable
Nov 16 09:42:40 localhost.localdomain kernel: BIOS-e820: [mem 0x0000000000100000-0x0000000058f4ffff] usable
Nov 16 09:42:40 localhost.localdomain kernel: BIOS-e820: [mem 0x0000000058f50000-0x000000005c8bbfff] reserved
Nov 16 09:42:40 localhost.localdomain kernel: BIOS-e820: [mem 0x000000005c8bc000-0x000000007c739fff] usable
Nov 16 09:42:40 localhost.localdomain kernel: BIOS-e820: [mem 0x000000007c73a000-0x000000007e521fff] reserved
Nov 16 09:42:40 localhost.localdomain kernel: BIOS-e820: [mem 0x000000007e522000-0x000000007e9a0fff] usable
Nov 16 09:42:40 localhost.localdomain kernel: BIOS-e820: [mem 0x000000007e9a1000-0x000000007e9a2fff] reserved
Nov 16 09:42:40 localhost.localdomain kernel: BIOS-e820: [mem 0x000000007e9a3000-0x000000007ea73fff] usable
Nov 16 09:42:40 localhost.localdomain kernel: BIOS-e820: [mem 0x000000007ea74000-0x000000007ea75fff] reserved
Nov 16 09:42:40 localhost.localdomain kernel: BIOS-e820: [mem 0x000000007ea76000-0x000000007ea8efff] usable
Nov 16 09:42:40 localhost.localdomain kernel: BIOS-e820: [mem 0x000000007ea8f000-0x000000007ea90fff] ACPI data
Nov 16 09:42:40 localhost.localdomain kernel: BIOS-e820: [mem 0x000000007ea91000-0x000000007eb1afff] reserved
Nov 16 09:42:40 localhost.localdomain kernel: BIOS-e820: [mem 0x000000007eb1b000-0x000000007fb9afff] usable
Nov 16 09:42:40 localhost.localdomain kernel: BIOS-e820: [mem 0x000000007fb9b000-0x000000007fbf2fff] reserved
Nov 16 09:42:40 localhost.localdomain kernel: BIOS-e820: [mem 0x000000007fbf3000-0x000000007fbfafff] ACPI data
Nov 16 09:42:40 localhost.localdomain kernel: BIOS-e820: [mem 0x000000007fbfb000-0x000000007fbfefff] ACPI NVS
Nov 16 09:42:40 localhost.localdomain kernel: BIOS-e820: [mem 0x000000007fbff000-0x000000007ff7bfff] usable
Nov 16 09:42:40 localhost.localdomain kernel: BIOS-e820: [mem 0x000000007ff7c000-0x000000007fffffff] reserved
Nov 16 09:42:40 localhost.localdomain kernel: NX (Execute Disable) protection: active
Nov 16 09:42:40 localhost.localdomain kernel: efi: EFI v2.70 by BHYVE
Nov 16 09:42:40 localhost.localdomain kernel: efi:  SMBIOS=0x7fbcc000  ACPI=0x7fbfa000  ACPI 2.0=0x7fbfa014  MEMATTR=0x7f388018 
Nov 16 09:42:40 localhost.localdomain kernel: SMBIOS 2.8 present.
Nov 16 09:42:40 localhost.localdomain kernel: DMI: vStack SmartDC vStack bhyve/BHYVE, BIOS 13.0 11/10/2020
Nov 16 09:42:40 localhost.localdomain kernel: tsc: Detected 3000.000 MHz processor
Nov 16 09:42:40 localhost.localdomain kernel: tsc: Detected 2992.853 MHz TSC
Nov 16 09:42:40 localhost.localdomain kernel: e820: update [mem 0x00000000-0x00000fff] usable ==> reserved
Nov 16 09:42:40 localhost.localdomain kernel: e820: remove [mem 0x000a0000-0x000fffff] usable
Nov 16 09:42:40 localhost.localdomain kernel: last_pfn = 0x7ff7c max_arch_pfn = 0x400000000
Nov 16 09:42:40 localhost.localdomain kernel: MTRR default type: write-back
Nov 16 09:42:40 localhost.localdomain kernel: MTRR fixed ranges enabled:
Nov 16 09:42:40 localhost.localdomain kernel:   00000-9FFFF write-back
Nov 16 09:42:40 localhost.localdomain kernel:   A0000-FFFFF uncachable
Nov 16 09:42:40 localhost.localdomain kernel: MTRR variable ranges enabled:
Nov 16 09:42:40 localhost.localdomain kernel:   0 base 000080000000 mask 3FFF80000000 uncachable
Nov 16 09:42:40 localhost.localdomain kernel:   1 disabled
Nov 16 09:42:40 localhost.localdomain kernel:   2 disabled
Nov 16 09:42:40 localhost.localdomain kernel:   3 disabled
Nov 16 09:42:40 localhost.localdomain kernel:   4 disabled
Nov 16 09:42:40 localhost.localdomain kernel:   5 disabled
Nov 16 09:42:40 localhost.localdomain kernel:   6 disabled
Nov 16 09:42:40 localhost.localdomain kernel:   7 disabled
Nov 16 09:42:40 localhost.localdomain kernel:   8 disabled
Nov 16 09:42:40 localhost.localdomain kernel:   9 disabled
Nov 16 09:42:40 localhost.localdomain kernel: x86/PAT: Configuration [0-7]: WB  WC  UC- UC  WB  WP  UC- WT  
Nov 16 09:42:40 localhost.localdomain kernel: found SMP MP-table at [mem 0x000f0000-0x000f000f]
Nov 16 09:42:40 localhost.localdomain kernel: check: Scanning 1 areas for low memory corruption
Nov 16 09:42:40 localhost.localdomain kernel: Using GB pages for direct mapping
Nov 16 09:42:40 localhost.localdomain kernel: Secure boot disabled
Nov 16 09:42:40 localhost.localdomain kernel: RAMDISK: [mem 0x7c73a000-0x7e521fff]
Nov 16 09:42:40 localhost.localdomain kernel: Allocated new RAMDISK: [mem 0x7a1d6000-0x7bfbd247]
Nov 16 09:42:40 localhost.localdomain kernel: Move RAMDISK from [mem 0x7c73a000-0x7e521247] to [mem 0x7a1d6000-0x7bfbd247]
Nov 16 09:42:40 localhost.localdomain kernel: ACPI: Early table checksum verification disabled
Nov 16 09:42:40 localhost.localdomain kernel: ACPI: RSDP 0x000000007FBFA014 000024 (v02 BHYVE )
Nov 16 09:42:40 localhost.localdomain kernel: ACPI: XSDT 0x000000007FBF90E8 000054 (v01 BHYVE  BVFACP   00000001      01000013)
Nov 16 09:42:40 localhost.localdomain kernel: ACPI: FACP 0x000000007FBF8000 0000F4 (v04 BHYVE  BVFACP   00000001 BHYV 00000001)
Nov 16 09:42:40 localhost.localdomain kernel: ACPI: DSDT 0x000000007EA8F000 00191A (v02 BHYVE  BVDSDT   00000001 INTL 20201113)
Nov 16 09:42:40 localhost.localdomain kernel: ACPI: FACS 0x000000007FBFE000 000040
Nov 16 09:42:40 localhost.localdomain kernel: ACPI: HPET 0x000000007FBF7000 000038 (v01 BHYVE  BVHPET   00000001 BHYV 00000001)
Nov 16 09:42:40 localhost.localdomain kernel: ACPI: APIC 0x000000007FBF6000 00004A (v01 BHYVE  BVMADT   00000001 BHYV 00000001)
Nov 16 09:42:40 localhost.localdomain kernel: ACPI: MCFG 0x000000007FBF5000 00003C (v01 BHYVE  BVMCFG   00000001 BHYV 00000001)
Nov 16 09:42:40 localhost.localdomain kernel: ACPI: SPCR 0x000000007FBF4000 000050 (v02 BHYVE  BVSPCR   00000001 BHYV 00000001)
Nov 16 09:42:40 localhost.localdomain kernel: ACPI: BGRT 0x000000007FBF3000 000038 (v01 INTEL  EDK2     00000002      01000013)
Nov 16 09:42:40 localhost.localdomain kernel: ACPI: Reserving FACP table memory at [mem 0x7fbf8000-0x7fbf80f3]
Nov 16 09:42:40 localhost.localdomain kernel: ACPI: Reserving DSDT table memory at [mem 0x7ea8f000-0x7ea90919]
Nov 16 09:42:40 localhost.localdomain kernel: ACPI: Reserving FACS table memory at [mem 0x7fbfe000-0x7fbfe03f]
Nov 16 09:42:40 localhost.localdomain kernel: ACPI: Reserving HPET table memory at [mem 0x7fbf7000-0x7fbf7037]
Nov 16 09:42:40 localhost.localdomain kernel: ACPI: Reserving APIC table memory at [mem 0x7fbf6000-0x7fbf6049]
Nov 16 09:42:40 localhost.localdomain kernel: ACPI: Reserving MCFG table memory at [mem 0x7fbf5000-0x7fbf503b]
Nov 16 09:42:40 localhost.localdomain kernel: ACPI: Reserving SPCR table memory at [mem 0x7fbf4000-0x7fbf404f]
Nov 16 09:42:40 localhost.localdomain kernel: ACPI: Reserving BGRT table memory at [mem 0x7fbf3000-0x7fbf3037]
Nov 16 09:42:40 localhost.localdomain kernel: ACPI: Local APIC address 0xfee00000
Nov 16 09:42:40 localhost.localdomain kernel: system APIC only can use physical flat
Nov 16 09:42:40 localhost.localdomain kernel: Setting APIC routing to physical flat.
Nov 16 09:42:40 localhost.localdomain kernel: No NUMA configuration found
Nov 16 09:42:40 localhost.localdomain kernel: Faking a node at [mem 0x0000000000000000-0x000000007ff7bfff]
Nov 16 09:42:40 localhost.localdomain kernel: NODE_DATA(0) allocated [mem 0x7ff0f000-0x7ff39fff]
Nov 16 09:42:40 localhost.localdomain kernel: Zone ranges:
Nov 16 09:42:40 localhost.localdomain kernel:   DMA      [mem 0x0000000000001000-0x0000000000ffffff]
Nov 16 09:42:40 localhost.localdomain kernel:   DMA32    [mem 0x0000000001000000-0x000000007ff7bfff]
Nov 16 09:42:40 localhost.localdomain kernel:   Normal   empty
Nov 16 09:42:40 localhost.localdomain kernel:   Device   empty
Nov 16 09:42:40 localhost.localdomain kernel: Movable zone start for each node
Nov 16 09:42:40 localhost.localdomain kernel: Early memory node ranges
Nov 16 09:42:40 localhost.localdomain kernel:   node   0: [mem 0x0000000000001000-0x000000000009ffff]
Nov 16 09:42:40 localhost.localdomain kernel:   node   0: [mem 0x0000000000100000-0x0000000058f4ffff]
Nov 16 09:42:40 localhost.localdomain kernel:   node   0: [mem 0x000000005c8bc000-0x000000007c739fff]
Nov 16 09:42:40 localhost.localdomain kernel:   node   0: [mem 0x000000007e522000-0x000000007e9a0fff]
Nov 16 09:42:40 localhost.localdomain kernel:   node   0: [mem 0x000000007e9a3000-0x000000007ea73fff]
Nov 16 09:42:40 localhost.localdomain kernel:   node   0: [mem 0x000000007ea76000-0x000000007ea8efff]
Nov 16 09:42:40 localhost.localdomain kernel:   node   0: [mem 0x000000007eb1b000-0x000000007fb9afff]
Nov 16 09:42:40 localhost.localdomain kernel:   node   0: [mem 0x000000007fbff000-0x000000007ff7bfff]
Nov 16 09:42:40 localhost.localdomain kernel: Zeroed struct page in unavailable ranges: 22829 pages
Nov 16 09:42:40 localhost.localdomain kernel: Initmem setup node 0 [mem 0x0000000000001000-0x000000007ff7bfff]
Nov 16 09:42:40 localhost.localdomain kernel: On node 0 totalpages: 501459
Nov 16 09:42:40 localhost.localdomain kernel:   DMA zone: 64 pages used for memmap
Nov 16 09:42:40 localhost.localdomain kernel:   DMA zone: 2039 pages reserved
Nov 16 09:42:40 localhost.localdomain kernel:   DMA zone: 3999 pages, LIFO batch:0
Nov 16 09:42:40 localhost.localdomain kernel:   DMA32 zone: 8126 pages used for memmap
Nov 16 09:42:40 localhost.localdomain kernel:   DMA32 zone: 497460 pages, LIFO batch:63
Nov 16 09:42:40 localhost.localdomain kernel: ACPI: PM-Timer IO Port: 0x408
Nov 16 09:42:40 localhost.localdomain kernel: ACPI: Local APIC address 0xfee00000
Nov 16 09:42:40 localhost.localdomain kernel: system APIC only can use physical flat
Nov 16 09:42:40 localhost.localdomain kernel: IOAPIC[0]: apic_id 1, version 17, address 0xfec00000, GSI 0-31
Nov 16 09:42:40 localhost.localdomain kernel: ACPI: INT_SRC_OVR (bus 0 bus_irq 0 global_irq 2 dfl dfl)
Nov 16 09:42:40 localhost.localdomain kernel: ACPI: IRQ0 used by override.
Nov 16 09:42:40 localhost.localdomain kernel: ACPI: IRQ9 used by override.
Nov 16 09:42:40 localhost.localdomain kernel: Using ACPI (MADT) for SMP configuration information
Nov 16 09:42:40 localhost.localdomain kernel: ACPI: HPET id: 0xa400 base: 0xfed00000
Nov 16 09:42:40 localhost.localdomain kernel: e820: update [mem 0x7eb6b000-0x7eb7efff] usable ==> reserved
Nov 16 09:42:40 localhost.localdomain kernel: ACPI: SPCR: console: uart,io,0x3f8,115200
Nov 16 09:42:40 localhost.localdomain kernel: smpboot: Allowing 1 CPUs, 0 hotplug CPUs
Nov 16 09:42:40 localhost.localdomain kernel: PM: Registered nosave memory: [mem 0x00000000-0x00000fff]
Nov 16 09:42:40 localhost.localdomain kernel: PM: Registered nosave memory: [mem 0x000a0000-0x000fffff]
Nov 16 09:42:40 localhost.localdomain kernel: PM: Registered nosave memory: [mem 0x58f50000-0x5c8bbfff]
Nov 16 09:42:40 localhost.localdomain kernel: PM: Registered nosave memory: [mem 0x7c73a000-0x7e521fff]
Nov 16 09:42:40 localhost.localdomain kernel: PM: Registered nosave memory: [mem 0x7e9a1000-0x7e9a2fff]
Nov 16 09:42:40 localhost.localdomain kernel: PM: Registered nosave memory: [mem 0x7ea74000-0x7ea75fff]
Nov 16 09:42:40 localhost.localdomain kernel: PM: Registered nosave memory: [mem 0x7ea8f000-0x7ea90fff]
Nov 16 09:42:40 localhost.localdomain kernel: PM: Registered nosave memory: [mem 0x7ea91000-0x7eb1afff]
Nov 16 09:42:40 localhost.localdomain kernel: PM: Registered nosave memory: [mem 0x7eb6b000-0x7eb7efff]
Nov 16 09:42:40 localhost.localdomain kernel: PM: Registered nosave memory: [mem 0x7fb9b000-0x7fbf2fff]
Nov 16 09:42:40 localhost.localdomain kernel: PM: Registered nosave memory: [mem 0x7fbf3000-0x7fbfafff]
Nov 16 09:42:40 localhost.localdomain kernel: PM: Registered nosave memory: [mem 0x7fbfb000-0x7fbfefff]
Nov 16 09:42:40 localhost.localdomain kernel: [mem 0x80000000-0xffffffff] available for PCI devices
Nov 16 09:42:40 localhost.localdomain kernel: Booting paravirtualized kernel on bare hardware
Nov 16 09:42:40 localhost.localdomain kernel: clocksource: refined-jiffies: mask: 0xffffffff max_cycles: 0xffffffff, max_idle_ns: 1910969940391419 ns
Nov 16 09:42:40 localhost.localdomain kernel: setup_percpu: NR_CPUS:8192 nr_cpumask_bits:1 nr_cpu_ids:1 nr_node_ids:1
Nov 16 09:42:40 localhost.localdomain kernel: percpu: Embedded 60 pages/cpu s208896 r8192 d28672 u2097152
Nov 16 09:42:40 localhost.localdomain kernel: pcpu-alloc: s208896 r8192 d28672 u2097152 alloc=1*2097152
Nov 16 09:42:40 localhost.localdomain kernel: pcpu-alloc: [0] 0 
Nov 16 09:42:40 localhost.localdomain kernel: Built 1 zonelists, mobility grouping on.  Total pages: 491230
Nov 16 09:42:40 localhost.localdomain kernel: Policy zone: DMA32
Nov 16 09:42:40 localhost.localdomain kernel: Kernel command line: BOOT_IMAGE=(hd0,gpt2)/boot/vmlinuz-5.4.17-2136.310.7.1.el8uek.x86_64 root=UUID=a8d18b4e-1ac0-45e3-ba22-6e3a05840f20 ro console=tty0 console=ttyS0,115200n8 rootflags=discard ipv6.disable=1
Nov 16 09:42:40 localhost.localdomain kernel: Dentry cache hash table entries: 262144 (order: 9, 2097152 bytes, linear)
Nov 16 09:42:40 localhost.localdomain kernel: Inode-cache hash table entries: 131072 (order: 8, 1048576 bytes, linear)
Nov 16 09:42:40 localhost.localdomain kernel: mem auto-init: stack:off, heap alloc:off, heap free:off
Nov 16 09:42:40 localhost.localdomain kernel: Memory: 249504K/2005836K available (14340K kernel code, 2244K rwdata, 10128K rodata, 3020K init, 15088K bss, 139396K reserved, 0K cma-reserved)
Nov 16 09:42:40 localhost.localdomain kernel: random: get_random_u64 called from __kmem_cache_create+0x33/0x47f with crng_init=0
Nov 16 09:42:40 localhost.localdomain kernel: SLUB: HWalign=64, Order=0-3, MinObjects=0, CPUs=1, Nodes=1
Nov 16 09:42:40 localhost.localdomain kernel: Kernel/User page tables isolation: enabled
Nov 16 09:42:40 localhost.localdomain kernel: ftrace: allocating 42147 entries in 165 pages
Nov 16 09:42:40 localhost.localdomain kernel: rcu: Hierarchical RCU implementation.
Nov 16 09:42:40 localhost.localdomain kernel: rcu:         RCU restricting CPUs from NR_CPUS=8192 to nr_cpu_ids=1.
Nov 16 09:42:40 localhost.localdomain kernel: rcu: RCU calculated value of scheduler-enlistment delay is 100 jiffies.
Nov 16 09:42:40 localhost.localdomain kernel: rcu: Adjusting geometry for rcu_fanout_leaf=16, nr_cpu_ids=1
Nov 16 09:42:40 localhost.localdomain kernel: NR_IRQS: 524544, nr_irqs: 256, preallocated irqs: 16
Nov 16 09:42:40 localhost.localdomain kernel: Console: colour dummy device 80x25
Nov 16 09:42:40 localhost.localdomain kernel: printk: console [tty0] enabled
Nov 16 09:42:40 localhost.localdomain kernel: printk: console [ttyS0] enabled
Nov 16 09:42:40 localhost.localdomain kernel: ACPI: Core revision 20190816
Nov 16 09:42:40 localhost.localdomain kernel: clocksource: hpet: mask: 0xffffffff max_cycles: 0xffffffff, max_idle_ns: 113919999973 ns
Nov 16 09:42:40 localhost.localdomain kernel: APIC: Switch to symmetric I/O mode setup
Nov 16 09:42:40 localhost.localdomain kernel: clocksource: tsc-early: mask: 0xffffffffffffffff max_cycles: 0x2b23e604461, max_idle_ns: 440795297641 ns
Nov 16 09:42:40 localhost.localdomain kernel: Calibrating delay loop (skipped), value calculated using timer frequency.. 5985.70 BogoMIPS (lpj=2992853)
Nov 16 09:42:40 localhost.localdomain kernel: pid_max: default: 32768 minimum: 301
Nov 16 09:42:40 localhost.localdomain kernel: LSM: Security Framework initializing
Nov 16 09:42:40 localhost.localdomain kernel: Yama: becoming mindful.
Nov 16 09:42:40 localhost.localdomain kernel: SELinux:  Initializing.
Nov 16 09:42:40 localhost.localdomain kernel: Mount-cache hash table entries: 4096 (order: 3, 32768 bytes, linear)
Nov 16 09:42:40 localhost.localdomain kernel: Mountpoint-cache hash table entries: 4096 (order: 3, 32768 bytes, linear)
Nov 16 09:42:40 localhost.localdomain kernel: Last level iTLB entries: 4KB 64, 2MB 8, 4MB 8
Nov 16 09:42:40 localhost.localdomain kernel: Last level dTLB entries: 4KB 64, 2MB 0, 4MB 0, 1GB 4
Nov 16 09:42:40 localhost.localdomain kernel: FEATURE SPEC_CTRL Not Present
Nov 16 09:42:40 localhost.localdomain kernel: FEATURE IBPB Not Present
Nov 16 09:42:40 localhost.localdomain kernel: Spectre V1 : Mitigation: usercopy/swapgs barriers and __user pointer sanitization
Nov 16 09:42:40 localhost.localdomain kernel: Spectre V2 : Options: retpoline
Nov 16 09:42:40 localhost.localdomain kernel: Spectre V2 : Mitigation: Retpolines
Nov 16 09:42:40 localhost.localdomain kernel: Spectre V2 : Spectre v2 mitigation: Filling RSB on underflow conditions
Nov 16 09:42:40 localhost.localdomain kernel: Spectre V2 : Spectre v2 / SpectreRSB mitigation: Filling RSB on context switch
Nov 16 09:42:40 localhost.localdomain kernel: RETBleed: WARNING: Spectre v2 mitigation leaves CPU vulnerable to RETBleed attacks, data leaks possible!
Nov 16 09:42:40 localhost.localdomain kernel: RETBleed: Vulnerable
Nov 16 09:42:40 localhost.localdomain kernel: Speculative Store Bypass: Vulnerable
Nov 16 09:42:40 localhost.localdomain kernel: MDS: Mitigation: Clear CPU buffers
Nov 16 09:42:40 localhost.localdomain kernel: TAA: Mitigation: Clear CPU buffers
Nov 16 09:42:40 localhost.localdomain kernel: MMIO Stale Data: Vulnerable: Clear CPU buffers attempted, no microcode
Nov 16 09:42:40 localhost.localdomain kernel: Freeing SMP alternatives memory: 36K
Nov 16 09:42:40 localhost.localdomain kernel: smpboot: CPU0: Intel(R) Xeon(R) Gold 6248R CPU @ 3.00GHz (family: 0x6, model: 0x55, stepping: 0x7)
Nov 16 09:42:40 localhost.localdomain kernel: Performance Events: unsupported p6 CPU model 85 no PMU driver, software events only.
Nov 16 09:42:40 localhost.localdomain kernel: rcu: Hierarchical SRCU implementation.
Nov 16 09:42:40 localhost.localdomain kernel: NMI watchdog: Perf NMI watchdog permanently disabled
Nov 16 09:42:40 localhost.localdomain kernel: smp: Bringing up secondary CPUs ...
Nov 16 09:42:40 localhost.localdomain kernel: smp: Brought up 1 node, 1 CPU
Nov 16 09:42:40 localhost.localdomain kernel: smpboot: Max logical packages: 1
Nov 16 09:42:40 localhost.localdomain kernel: smpboot: Total of 1 processors activated (5985.70 BogoMIPS)
Nov 16 09:42:40 localhost.localdomain kernel: node 0 deferred pages initialised in 18ms
Nov 16 09:42:40 localhost.localdomain kernel: devtmpfs: initialized
Nov 16 09:42:40 localhost.localdomain kernel: x86/mm: Memory block size: 128MB
Nov 16 09:42:40 localhost.localdomain kernel: PM: Registering ACPI NVS region [mem 0x7fbfb000-0x7fbfefff] (16384 bytes)
Nov 16 09:42:40 localhost.localdomain kernel: clocksource: jiffies: mask: 0xffffffff max_cycles: 0xffffffff, max_idle_ns: 1911260446275000 ns
Nov 16 09:42:40 localhost.localdomain kernel: futex hash table entries: 256 (order: 2, 16384 bytes, linear)
Nov 16 09:42:40 localhost.localdomain kernel: pinctrl core: initialized pinctrl subsystem
Nov 16 09:42:40 localhost.localdomain kernel: NET: Registered protocol family 16
Nov 16 09:42:40 localhost.localdomain kernel: audit: initializing netlink subsys (disabled)
Nov 16 09:42:40 localhost.localdomain kernel: cpuidle: using governor menu
Nov 16 09:42:40 localhost.localdomain kernel: ACPI FADT declares the system doesn't support PCIe ASPM, so disable it
Nov 16 09:42:40 localhost.localdomain kernel: ACPI: bus type PCI registered
Nov 16 09:42:40 localhost.localdomain kernel: acpiphp: ACPI Hot Plug PCI Controller Driver version: 0.5
Nov 16 09:42:40 localhost.localdomain kernel: PCI: MMCONFIG for domain 0000 [bus 00-ff] at [mem 0xe0000000-0xefffffff] (base 0xe0000000)
Nov 16 09:42:40 localhost.localdomain kernel: PCI: not using MMCONFIG
Nov 16 09:42:40 localhost.localdomain kernel: PCI: Using configuration type 1 for base access
Nov 16 09:42:40 localhost.localdomain kernel: audit: type=2000 audit(1731750159.032:1): state=initialized audit_enabled=0 res=1
Nov 16 09:42:40 localhost.localdomain kernel: HugeTLB registered 1.00 GiB page size, pre-allocated 0 pages
Nov 16 09:42:40 localhost.localdomain kernel: HugeTLB registered 2.00 MiB page size, pre-allocated 0 pages
Nov 16 09:42:40 localhost.localdomain kernel: fbcon: Taking over console
Nov 16 09:42:40 localhost.localdomain kernel: ACPI: Added _OSI(Module Device)
Nov 16 09:42:40 localhost.localdomain kernel: ACPI: Added _OSI(Processor Device)
Nov 16 09:42:40 localhost.localdomain kernel: ACPI: Added _OSI(3.0 _SCP Extensions)
Nov 16 09:42:40 localhost.localdomain kernel: ACPI: Added _OSI(Processor Aggregator Device)
Nov 16 09:42:40 localhost.localdomain kernel: ACPI: Added _OSI(Linux-Dell-Video)
Nov 16 09:42:40 localhost.localdomain kernel: ACPI: Added _OSI(Linux-Lenovo-NV-HDMI-Audio)
Nov 16 09:42:40 localhost.localdomain kernel: ACPI: Added _OSI(Linux-HPI-Hybrid-Graphics)
Nov 16 09:42:40 localhost.localdomain kernel: ACPI: 1 ACPI AML tables successfully acquired and loaded
Nov 16 09:42:40 localhost.localdomain kernel: ACPI: Interpreter enabled
Nov 16 09:42:40 localhost.localdomain kernel: ACPI: (supports S0 S5)
Nov 16 09:42:40 localhost.localdomain kernel: ACPI: Using IOAPIC for interrupt routing
Nov 16 09:42:40 localhost.localdomain kernel: PCI: MMCONFIG for domain 0000 [bus 00-ff] at [mem 0xe0000000-0xefffffff] (base 0xe0000000)
Nov 16 09:42:40 localhost.localdomain kernel: PCI: MMCONFIG at [mem 0xe0000000-0xefffffff] reserved in ACPI motherboard resources
Nov 16 09:42:40 localhost.localdomain kernel: PCI: Using host bridge windows from ACPI; if necessary, use "pci=nocrs" and report a bug
Nov 16 09:42:40 localhost.localdomain kernel: ACPI: PCI Root Bridge [PC00] (domain 0000 [bus 00-ff])
Nov 16 09:42:40 localhost.localdomain kernel: acpi PNP0A03:00: _OSC: OS supports [ExtendedConfig ASPM ClockPM Segments MSI EDR HPX-Type3]
Nov 16 09:42:40 localhost.localdomain kernel: acpi PNP0A03:00: host bridge window expanded to [io  0x0000-0x0cf7]; [io  0x0000-0x0cf7 window] ignored
Nov 16 09:42:40 localhost.localdomain kernel: PCI host bridge to bus 0000:00
Nov 16 09:42:40 localhost.localdomain kernel: pci_bus 0000:00: root bus resource [io  0x0000-0x0cf7]
Nov 16 09:42:40 localhost.localdomain kernel: pci_bus 0000:00: root bus resource [io  0x0d00-0xffff window]
Nov 16 09:42:40 localhost.localdomain kernel: pci_bus 0000:00: root bus resource [mem 0x000a0000-0x000bffff window]
Nov 16 09:42:40 localhost.localdomain kernel: pci_bus 0000:00: root bus resource [mem 0xc0000000-0xdfffffff window]
Nov 16 09:42:40 localhost.localdomain kernel: pci_bus 0000:00: root bus resource [mem 0xf0000000-0xf07fffff window]
Nov 16 09:42:40 localhost.localdomain kernel: pci_bus 0000:00: root bus resource [mem 0xd000000000-0xd0000fffff window]
Nov 16 09:42:40 localhost.localdomain kernel: pci_bus 0000:00: root bus resource [bus 00-ff]
Nov 16 09:42:40 localhost.localdomain kernel: pci 0000:00:00.0: [1275:1275] type 00 class 0x060000
Nov 16 09:42:40 localhost.localdomain kernel: pci 0000:00:00.0: reg 0x30: [mem 0x00000000-0x000007ff pref]
Nov 16 09:42:40 localhost.localdomain kernel: pci 0000:00:05.0: [1af4:1000] type 00 class 0x020000
Nov 16 09:42:40 localhost.localdomain kernel: pci 0000:00:05.0: reg 0x10: [io  0x2080-0x20bf]
Nov 16 09:42:40 localhost.localdomain kernel: pci 0000:00:05.0: reg 0x14: [mem 0xc1000000-0xc1001fff]
Nov 16 09:42:40 localhost.localdomain kernel: pci 0000:00:05.0: reg 0x30: [mem 0x00000000-0x000007ff pref]
Nov 16 09:42:40 localhost.localdomain kernel: pci 0000:00:0a.0: [1af4:1001] type 00 class 0x010000
Nov 16 09:42:40 localhost.localdomain kernel: pci 0000:00:0a.0: reg 0x10: [io  0x2000-0x207f]
Nov 16 09:42:40 localhost.localdomain kernel: pci 0000:00:0a.0: reg 0x14: [mem 0xc1002000-0xc1003fff]
Nov 16 09:42:40 localhost.localdomain kernel: pci 0000:00:0a.0: reg 0x30: [mem 0x00000000-0x000007ff pref]
Nov 16 09:42:40 localhost.localdomain kernel: pci 0000:00:1b.0: [1af4:1002] type 00 class 0xff0000
Nov 16 09:42:40 localhost.localdomain kernel: pci 0000:00:1b.0: reg 0x10: [io  0x20c0-0x20df]
Nov 16 09:42:40 localhost.localdomain kernel: pci 0000:00:1b.0: reg 0x14: [mem 0xc1004000-0xc1005fff]
Nov 16 09:42:40 localhost.localdomain kernel: pci 0000:00:1b.0: reg 0x30: [mem 0x00000000-0x000007ff pref]
Nov 16 09:42:40 localhost.localdomain kernel: pci 0000:00:1c.0: [1af4:1005] type 00 class 0x100000
Nov 16 09:42:40 localhost.localdomain kernel: pci 0000:00:1c.0: reg 0x10: [io  0x20e0-0x20ff]
Nov 16 09:42:40 localhost.localdomain kernel: pci 0000:00:1c.0: reg 0x14: [mem 0xc1006000-0xc1007fff]
Nov 16 09:42:40 localhost.localdomain kernel: pci 0000:00:1c.0: reg 0x30: [mem 0x00000000-0x000007ff pref]
Nov 16 09:42:40 localhost.localdomain kernel: pci 0000:00:1d.0: [fb5d:40fb] type 00 class 0x030000
Nov 16 09:42:40 localhost.localdomain kernel: pci 0000:00:1d.0: reg 0x10: [mem 0xc1009000-0xc100907f]
Nov 16 09:42:40 localhost.localdomain kernel: pci 0000:00:1d.0: reg 0x14: [mem 0xc0000000-0xc0ffffff]
Nov 16 09:42:40 localhost.localdomain kernel: pci 0000:00:1d.0: reg 0x30: [mem 0x00000000-0x000007ff pref]
Nov 16 09:42:40 localhost.localdomain kernel: pci 0000:00:1d.0: BAR 1: assigned to efifb
Nov 16 09:42:40 localhost.localdomain kernel: pci 0000:00:1e.0: [8086:1e31] type 00 class 0x0c0330
Nov 16 09:42:40 localhost.localdomain kernel: pci 0000:00:1e.0: reg 0x10: [mem 0xc1008000-0xc1008fff]
Nov 16 09:42:40 localhost.localdomain kernel: pci 0000:00:1e.0: reg 0x30: [mem 0x00000000-0x000007ff pref]
Nov 16 09:42:40 localhost.localdomain kernel: pci 0000:00:1f.0: [8086:7000] type 00 class 0x060100
Nov 16 09:42:40 localhost.localdomain kernel: pci 0000:00:1f.0: reg 0x30: [mem 0x00000000-0x000007ff pref]
Nov 16 09:42:40 localhost.localdomain kernel: ACPI: PCI Interrupt Link [LNKA] (IRQs 3 4 5 6 *7 9 10 11 12 14 15)
Nov 16 09:42:40 localhost.localdomain kernel: ACPI: PCI Interrupt Link [LNKB] (IRQs 3 4 5 6 7 9 *10 11 12 14 15)
Nov 16 09:42:40 localhost.localdomain kernel: ACPI: PCI Interrupt Link [LNKC] (IRQs 3 4 *5 6 7 9 10 11 12 14 15)
Nov 16 09:42:40 localhost.localdomain kernel: ACPI: PCI Interrupt Link [LNKD] (IRQs 3 4 5 6 7 9 10 *11 12 14 15)
Nov 16 09:42:40 localhost.localdomain kernel: ACPI: PCI Interrupt Link [LNKE] (IRQs 3 4 5 6 7 9 10 11 12 14 15) *0, disabled.
Nov 16 09:42:40 localhost.localdomain kernel: ACPI: PCI Interrupt Link [LNKF] (IRQs 3 4 5 6 7 9 10 11 12 14 15) *0, disabled.
Nov 16 09:42:40 localhost.localdomain kernel: ACPI: PCI Interrupt Link [LNKG] (IRQs 3 4 5 6 7 9 10 11 12 14 15) *0, disabled.
Nov 16 09:42:40 localhost.localdomain kernel: ACPI: PCI Interrupt Link [LNKH] (IRQs 3 4 5 *6 7 9 10 11 12 14 15)
Nov 16 09:42:40 localhost.localdomain kernel: iommu: Default domain type: Passthrough 
Nov 16 09:42:40 localhost.localdomain kernel: pci 0000:00:1d.0: vgaarb: setting as boot VGA device
Nov 16 09:42:40 localhost.localdomain kernel: pci 0000:00:1d.0: vgaarb: VGA device added: decodes=io+mem,owns=io+mem,locks=none
Nov 16 09:42:40 localhost.localdomain kernel: pci 0000:00:1d.0: vgaarb: bridge control possible
Nov 16 09:42:40 localhost.localdomain kernel: vgaarb: loaded
Nov 16 09:42:40 localhost.localdomain kernel: SCSI subsystem initialized
Nov 16 09:42:40 localhost.localdomain kernel: ACPI: bus type USB registered
Nov 16 09:42:40 localhost.localdomain kernel: usbcore: registered new interface driver usbfs
Nov 16 09:42:40 localhost.localdomain kernel: usbcore: registered new interface driver hub
Nov 16 09:42:40 localhost.localdomain kernel: usbcore: registered new device driver usb
Nov 16 09:42:40 localhost.localdomain kernel: pps_core: LinuxPPS API ver. 1 registered
Nov 16 09:42:40 localhost.localdomain kernel: pps_core: Software ver. 5.3.6 - Copyright 2005-2007 Rodolfo Giometti <giometti@linux.it>
Nov 16 09:42:40 localhost.localdomain kernel: PTP clock support registered
Nov 16 09:42:40 localhost.localdomain kernel: EDAC MC: Ver: 3.0.0
Nov 16 09:42:40 localhost.localdomain kernel: Registered efivars operations
Nov 16 09:42:40 localhost.localdomain kernel: PCI: Using ACPI for IRQ routing
Nov 16 09:42:40 localhost.localdomain kernel: PCI: pci_cache_line_size set to 64 bytes
Nov 16 09:42:40 localhost.localdomain kernel: e820: reserve RAM buffer [mem 0x58f50000-0x5bffffff]
Nov 16 09:42:40 localhost.localdomain kernel: e820: reserve RAM buffer [mem 0x7c73a000-0x7fffffff]
Nov 16 09:42:40 localhost.localdomain kernel: e820: reserve RAM buffer [mem 0x7e9a1000-0x7fffffff]
Nov 16 09:42:40 localhost.localdomain kernel: e820: reserve RAM buffer [mem 0x7ea74000-0x7fffffff]
Nov 16 09:42:40 localhost.localdomain kernel: e820: reserve RAM buffer [mem 0x7ea8f000-0x7fffffff]
Nov 16 09:42:40 localhost.localdomain kernel: e820: reserve RAM buffer [mem 0x7eb6b000-0x7fffffff]
Nov 16 09:42:40 localhost.localdomain kernel: e820: reserve RAM buffer [mem 0x7fb9b000-0x7fffffff]
Nov 16 09:42:40 localhost.localdomain kernel: e820: reserve RAM buffer [mem 0x7ff7c000-0x7fffffff]
Nov 16 09:42:40 localhost.localdomain kernel: NetLabel: Initializing
Nov 16 09:42:40 localhost.localdomain kernel: NetLabel:  domain hash size = 128
Nov 16 09:42:40 localhost.localdomain kernel: NetLabel:  protocols = UNLABELED CIPSOv4 CALIPSO
Nov 16 09:42:40 localhost.localdomain kernel: NetLabel:  unlabeled traffic allowed by default
Nov 16 09:42:40 localhost.localdomain kernel: hpet0: at MMIO 0xfed00000, IRQs 2, 8, 0, 0, 0, 0, 0, 0
Nov 16 09:42:40 localhost.localdomain kernel: hpet0: 8 comparators, 32-bit 16.777216 MHz counter
Nov 16 09:42:40 localhost.localdomain kernel: clocksource: Switched to clocksource tsc-early
Nov 16 09:42:40 localhost.localdomain kernel: VFS: Disk quotas dquot_6.6.0
Nov 16 09:42:40 localhost.localdomain kernel: VFS: Dquot-cache hash table entries: 512 (order 0, 4096 bytes)
Nov 16 09:42:40 localhost.localdomain kernel: pnp: PnP ACPI init
Nov 16 09:42:40 localhost.localdomain kernel: pnp 00:00: Plug and Play ACPI device, IDs PNP0303 PNP030b (active)
Nov 16 09:42:40 localhost.localdomain kernel: pnp 00:01: Plug and Play ACPI device, IDs PNP0f03 PNP0f13 (active)
Nov 16 09:42:40 localhost.localdomain kernel: system 00:02: [io  0x0220-0x0223] has been reserved
Nov 16 09:42:40 localhost.localdomain kernel: system 00:02: [io  0x0224-0x0227] has been reserved
Nov 16 09:42:40 localhost.localdomain kernel: system 00:02: [io  0x04d0-0x04d1] has been reserved
Nov 16 09:42:40 localhost.localdomain kernel: system 00:02: [io  0x0400-0x0407] has been reserved
Nov 16 09:42:40 localhost.localdomain kernel: system 00:02: [mem 0xe0000000-0xefffffff] has been reserved
Nov 16 09:42:40 localhost.localdomain kernel: system 00:02: Plug and Play ACPI device, IDs PNP0c02 (active)
Nov 16 09:42:40 localhost.localdomain kernel: pnp 00:03: Plug and Play ACPI device, IDs PNP0501 (active)
Nov 16 09:42:40 localhost.localdomain kernel: pnp 00:04: Plug and Play ACPI device, IDs PNP0501 (active)
Nov 16 09:42:40 localhost.localdomain kernel: pnp 00:05: Plug and Play ACPI device, IDs PNP0b00 (active)
Nov 16 09:42:40 localhost.localdomain kernel: pnp: PnP ACPI: found 6 devices
Nov 16 09:42:40 localhost.localdomain kernel: thermal_sys: Registered thermal governor 'fair_share'
Nov 16 09:42:40 localhost.localdomain kernel: thermal_sys: Registered thermal governor 'bang_bang'
Nov 16 09:42:40 localhost.localdomain kernel: thermal_sys: Registered thermal governor 'step_wise'
Nov 16 09:42:40 localhost.localdomain kernel: thermal_sys: Registered thermal governor 'user_space'
Nov 16 09:42:40 localhost.localdomain kernel: clocksource: acpi_pm: mask: 0xffffff max_cycles: 0xffffff, max_idle_ns: 2085701024 ns
Nov 16 09:42:40 localhost.localdomain kernel: pci 0000:00:05.0: BAR 6: assigned [mem 0xc1009800-0xc1009fff pref]
Nov 16 09:42:40 localhost.localdomain kernel: pci 0000:00:0a.0: BAR 6: assigned [mem 0xc100a000-0xc100a7ff pref]
Nov 16 09:42:40 localhost.localdomain kernel: pci 0000:00:1b.0: BAR 6: assigned [mem 0xc100a800-0xc100afff pref]
Nov 16 09:42:40 localhost.localdomain kernel: pci 0000:00:1c.0: BAR 6: assigned [mem 0xc100b000-0xc100b7ff pref]
Nov 16 09:42:40 localhost.localdomain kernel: pci 0000:00:1d.0: BAR 6: assigned [mem 0xc100b800-0xc100bfff pref]
Nov 16 09:42:40 localhost.localdomain kernel: pci 0000:00:1e.0: BAR 6: assigned [mem 0xc100c000-0xc100c7ff pref]
Nov 16 09:42:40 localhost.localdomain kernel: pci 0000:00:1f.0: BAR 6: assigned [mem 0xc100c800-0xc100cfff pref]
Nov 16 09:42:40 localhost.localdomain kernel: pci_bus 0000:00: resource 4 [io  0x0000-0x0cf7]
Nov 16 09:42:40 localhost.localdomain kernel: pci_bus 0000:00: resource 5 [io  0x0d00-0xffff window]
Nov 16 09:42:40 localhost.localdomain kernel: pci_bus 0000:00: resource 6 [mem 0x000a0000-0x000bffff window]
Nov 16 09:42:40 localhost.localdomain kernel: pci_bus 0000:00: resource 7 [mem 0xc0000000-0xdfffffff window]
Nov 16 09:42:40 localhost.localdomain kernel: pci_bus 0000:00: resource 8 [mem 0xf0000000-0xf07fffff window]
Nov 16 09:42:40 localhost.localdomain kernel: pci_bus 0000:00: resource 9 [mem 0xd000000000-0xd0000fffff window]
Nov 16 09:42:40 localhost.localdomain kernel: NET: Registered protocol family 2
Nov 16 09:42:40 localhost.localdomain kernel: IP idents hash table entries: 32768 (order: 6, 262144 bytes, linear)
Nov 16 09:42:40 localhost.localdomain kernel: tcp_listen_portaddr_hash hash table entries: 1024 (order: 3, 32768 bytes, linear)
Nov 16 09:42:40 localhost.localdomain kernel: TCP established hash table entries: 16384 (order: 5, 131072 bytes, linear)
Nov 16 09:42:40 localhost.localdomain kernel: TCP bind hash table entries: 16384 (order: 6, 262144 bytes, linear)
Nov 16 09:42:40 localhost.localdomain kernel: TCP: Hash tables configured (established 16384 bind 16384)
Nov 16 09:42:40 localhost.localdomain kernel: UDP hash table entries: 1024 (order: 3, 32768 bytes, linear)
Nov 16 09:42:40 localhost.localdomain kernel: UDP-Lite hash table entries: 1024 (order: 3, 32768 bytes, linear)
Nov 16 09:42:40 localhost.localdomain kernel: NET: Registered protocol family 1
Nov 16 09:42:40 localhost.localdomain kernel: NET: Registered protocol family 44
Nov 16 09:42:40 localhost.localdomain kernel: pci 0000:00:1d.0: Video device with shadowed ROM at [mem 0x000c0000-0x000dffff]
Nov 16 09:42:40 localhost.localdomain kernel: pci 0000:00:1f.0: Activating ISA DMA hang workarounds
Nov 16 09:42:40 localhost.localdomain kernel: PCI: CLS 0 bytes, default 64
Nov 16 09:42:40 localhost.localdomain kernel: Trying to unpack rootfs image as initramfs...
Nov 16 09:42:40 localhost.localdomain kernel: Freeing initrd memory: 30624K
Nov 16 09:42:40 localhost.localdomain kernel: RAPL PMU: API unit is 2^-32 Joules, 0 fixed counters, 163840 ms ovfl timer
Nov 16 09:42:40 localhost.localdomain kernel: clocksource: tsc: mask: 0xffffffffffffffff max_cycles: 0x2b23e604461, max_idle_ns: 440795297641 ns
Nov 16 09:42:40 localhost.localdomain kernel: clocksource: Switched to clocksource tsc
Nov 16 09:42:40 localhost.localdomain kernel: check: Scanning for low memory corruption every 60 seconds
Nov 16 09:42:40 localhost.localdomain kernel: Initialise system trusted keyrings
Nov 16 09:42:40 localhost.localdomain kernel: Key type blacklist registered
Nov 16 09:42:40 localhost.localdomain kernel: workingset: timestamp_bits=36 max_order=19 bucket_order=0
Nov 16 09:42:40 localhost.localdomain kernel: zbud: loaded
Nov 16 09:42:40 localhost.localdomain kernel: Platform Keyring initialized
Nov 16 09:42:40 localhost.localdomain kernel: Allocating IMA blacklist keyring.
Nov 16 09:42:40 localhost.localdomain kernel: NET: Registered protocol family 38
Nov 16 09:42:40 localhost.localdomain kernel: Key type asymmetric registered
Nov 16 09:42:40 localhost.localdomain kernel: Asymmetric key parser 'x509' registered
Nov 16 09:42:40 localhost.localdomain kernel: Key type pkcs7_test registered
Nov 16 09:42:40 localhost.localdomain kernel: Block layer SCSI generic (bsg) driver version 0.4 loaded (major 246)
Nov 16 09:42:40 localhost.localdomain kernel: io scheduler mq-deadline registered
Nov 16 09:42:40 localhost.localdomain kernel: io scheduler kyber registered
Nov 16 09:42:40 localhost.localdomain kernel: io scheduler bfq registered
Nov 16 09:42:40 localhost.localdomain kernel: atomic64_test: passed for x86-64 platform with CX8 and with SSE
Nov 16 09:42:40 localhost.localdomain kernel: shpchp: Standard Hot Plug PCI Controller Driver version: 0.4
Nov 16 09:42:40 localhost.localdomain kernel: efifb: probing for efifb
Nov 16 09:42:40 localhost.localdomain kernel: efifb: framebuffer at 0xc0000000, using 1876k, total 1875k
Nov 16 09:42:40 localhost.localdomain kernel: efifb: mode is 800x600x32, linelength=3200, pages=1
Nov 16 09:42:40 localhost.localdomain kernel: efifb: scrolling: redraw
Nov 16 09:42:40 localhost.localdomain kernel: efifb: Truecolor: size=8:8:8:8, shift=24:16:8:0
Nov 16 09:42:40 localhost.localdomain kernel: Console: switching to colour frame buffer device 100x37
Nov 16 09:42:40 localhost.localdomain kernel: fb0: EFI VGA frame buffer device
Nov 16 09:42:40 localhost.localdomain kernel: intel_idle: Please enable MWAIT in BIOS SETUP
Nov 16 09:42:40 localhost.localdomain kernel: input: Power Button as /devices/LNXSYSTM:00/LNXPWRBN:00/input/input0
Nov 16 09:42:40 localhost.localdomain kernel: ACPI: Power Button [PWRF]
Nov 16 09:42:40 localhost.localdomain kernel: Serial: 8250/16550 driver, 4 ports, IRQ sharing enabled
Nov 16 09:42:40 localhost.localdomain kernel: 00:03: ttyS0 at I/O 0x3f8 (irq = 4, base_baud = 115200) is a 16550A
Nov 16 09:42:40 localhost.localdomain kernel: 00:04: ttyS1 at I/O 0x2f8 (irq = 3, base_baud = 115200) is a 16550A
Nov 16 09:42:40 localhost.localdomain kernel: serial8250: ttyS2 at I/O 0x3e8 (irq = 4, base_baud = 115200) is a 16550A
Nov 16 09:42:40 localhost.localdomain kernel: serial8250: ttyS3 at I/O 0x2e8 (irq = 3, base_baud = 115200) is a 16550A
Nov 16 09:42:40 localhost.localdomain kernel: Non-volatile memory driver v1.3
Nov 16 09:42:40 localhost.localdomain kernel: Linux agpgart interface v0.103
Nov 16 09:42:40 localhost.localdomain kernel: AMD-Vi: AMD IOMMUv2 driver by Joerg Roedel <jroedel@suse.de>
Nov 16 09:42:40 localhost.localdomain kernel: AMD-Vi: AMD IOMMUv2 functionality not available on this system
Nov 16 09:42:40 localhost.localdomain kernel: rdac: device handler registered
Nov 16 09:42:40 localhost.localdomain kernel: hp_sw: device handler registered
Nov 16 09:42:40 localhost.localdomain kernel: emc: device handler registered
Nov 16 09:42:40 localhost.localdomain kernel: alua: device handler registered
Nov 16 09:42:40 localhost.localdomain kernel: VFIO - User Level meta-driver version: 0.3
Nov 16 09:42:40 localhost.localdomain kernel: ehci_hcd: USB 2.0 'Enhanced' Host Controller (EHCI) Driver
Nov 16 09:42:40 localhost.localdomain kernel: ehci-pci: EHCI PCI platform driver
Nov 16 09:42:40 localhost.localdomain kernel: ohci_hcd: USB 1.1 'Open' Host Controller (OHCI) Driver
Nov 16 09:42:40 localhost.localdomain kernel: ohci-pci: OHCI PCI platform driver
Nov 16 09:42:40 localhost.localdomain kernel: uhci_hcd: USB Universal Host Controller Interface driver
Nov 16 09:42:40 localhost.localdomain kernel: xhci_hcd 0000:00:1e.0: xHCI Host Controller
Nov 16 09:42:40 localhost.localdomain kernel: xhci_hcd 0000:00:1e.0: new USB bus registered, assigned bus number 1
Nov 16 09:42:40 localhost.localdomain kernel: xhci_hcd 0000:00:1e.0: hcc params 0x03401281 hci version 0x100 quirks 0x000000000000b930
Nov 16 09:42:40 localhost.localdomain kernel: usb usb1: New USB device found, idVendor=1d6b, idProduct=0002, bcdDevice= 5.04
Nov 16 09:42:40 localhost.localdomain kernel: usb usb1: New USB device strings: Mfr=3, Product=2, SerialNumber=1
Nov 16 09:42:40 localhost.localdomain kernel: usb usb1: Product: xHCI Host Controller
Nov 16 09:42:40 localhost.localdomain kernel: usb usb1: Manufacturer: Linux 5.4.17-2136.310.7.1.el8uek.x86_64 xhci-hcd
Nov 16 09:42:40 localhost.localdomain kernel: usb usb1: SerialNumber: 0000:00:1e.0
Nov 16 09:42:40 localhost.localdomain kernel: hub 1-0:1.0: USB hub found
Nov 16 09:42:40 localhost.localdomain kernel: hub 1-0:1.0: 4 ports detected
Nov 16 09:42:40 localhost.localdomain kernel: xhci_hcd 0000:00:1e.0: xHCI Host Controller
Nov 16 09:42:40 localhost.localdomain kernel: xhci_hcd 0000:00:1e.0: new USB bus registered, assigned bus number 2
Nov 16 09:42:40 localhost.localdomain kernel: xhci_hcd 0000:00:1e.0: Host supports USB 3.0 SuperSpeed
Nov 16 09:42:40 localhost.localdomain kernel: usb usb2: We don't know the algorithms for LPM for this host, disabling LPM.
Nov 16 09:42:40 localhost.localdomain kernel: usb usb2: New USB device found, idVendor=1d6b, idProduct=0003, bcdDevice= 5.04
Nov 16 09:42:40 localhost.localdomain kernel: usb usb2: New USB device strings: Mfr=3, Product=2, SerialNumber=1
Nov 16 09:42:40 localhost.localdomain kernel: usb usb2: Product: xHCI Host Controller
Nov 16 09:42:40 localhost.localdomain kernel: usb usb2: Manufacturer: Linux 5.4.17-2136.310.7.1.el8uek.x86_64 xhci-hcd
Nov 16 09:42:40 localhost.localdomain kernel: usb usb2: SerialNumber: 0000:00:1e.0
Nov 16 09:42:40 localhost.localdomain kernel: hub 2-0:1.0: USB hub found
Nov 16 09:42:40 localhost.localdomain kernel: hub 2-0:1.0: 4 ports detected
Nov 16 09:42:40 localhost.localdomain kernel: usbcore: registered new interface driver usbserial_generic
Nov 16 09:42:40 localhost.localdomain kernel: usbserial: USB Serial support registered for generic
Nov 16 09:42:40 localhost.localdomain kernel: i8042: PNP: PS/2 Controller [PNP0303:KBD,PNP0f03:MOU] at 0x60,0x64 irq 1,12
Nov 16 09:42:40 localhost.localdomain kernel: i8042: Warning: Keylock active
Nov 16 09:42:40 localhost.localdomain kernel: serio: i8042 KBD port at 0x60,0x64 irq 1
Nov 16 09:42:40 localhost.localdomain kernel: serio: i8042 AUX port at 0x60,0x64 irq 12
Nov 16 09:42:40 localhost.localdomain kernel: mousedev: PS/2 mouse device common for all mice
Nov 16 09:42:40 localhost.localdomain kernel: input: AT Translated Set 2 keyboard as /devices/platform/i8042/serio0/input/input1
Nov 16 09:42:40 localhost.localdomain kernel: rtc_cmos 00:05: registered as rtc0
Nov 16 09:42:40 localhost.localdomain kernel: rtc_cmos 00:05: alarms up to one day, y3k, 114 bytes nvram
Nov 16 09:42:40 localhost.localdomain kernel: intel_pstate: CPU model not supported
Nov 16 09:42:40 localhost.localdomain kernel: EFI Variables Facility v0.08 2004-May-17
Nov 16 09:42:40 localhost.localdomain kernel: hidraw: raw HID events driver (C) Jiri Kosina
Nov 16 09:42:40 localhost.localdomain kernel: usbcore: registered new interface driver usbhid
Nov 16 09:42:40 localhost.localdomain kernel: usbhid: USB HID core driver
Nov 16 09:42:40 localhost.localdomain kernel: drop_monitor: Initializing network drop monitor service
Nov 16 09:42:40 localhost.localdomain kernel: Initializing XFRM netlink socket
Nov 16 09:42:40 localhost.localdomain kernel: IPv6: Loaded, but administratively disabled, reboot required to enable
Nov 16 09:42:40 localhost.localdomain kernel: NET: Registered protocol family 17
Nov 16 09:42:40 localhost.localdomain kernel: bridge: filtering via arp/ip/ip6tables is no longer available by default. Update your scripts to load br_netfilter if you need this.
Nov 16 09:42:40 localhost.localdomain kernel: IPI shorthand broadcast: enabled
Nov 16 09:42:40 localhost.localdomain kernel: sched_clock: Marking stable (1487090301, 110904034)->(1642130905, -44136570)
Nov 16 09:42:40 localhost.localdomain kernel: registered taskstats version 1
Nov 16 09:42:40 localhost.localdomain kernel: Loading compiled-in X.509 certificates
Nov 16 09:42:40 localhost.localdomain kernel: Loaded X.509 cert 'Oracle CA Server: f75e9b5e5c58b65ea5cac4777c241c6a74f7981c'
Nov 16 09:42:40 localhost.localdomain kernel: Loaded X.509 cert 'Oracle Linux Kernel Module Signing Key: 2bb352412969a3653f0eb6021763408ebb9bb5ab'
Nov 16 09:42:40 localhost.localdomain kernel: Loaded X.509 cert 'Oracle America, Inc.: Ksplice Kernel Module Signing Key: 09010ebef5545fa7c54b626ef518e077b5b1ee4c'
Nov 16 09:42:40 localhost.localdomain kernel: Loaded X.509 cert 'Oracle IMA signing CA: a2f28976a05984028f7d1a4904ae14e8e468e551'
Nov 16 09:42:40 localhost.localdomain kernel: blacklist: Loading compiled-in revocation X.509 certificates
Nov 16 09:42:40 localhost.localdomain kernel: Loaded X.509 cert 'Oracle Corporation: 7f559b8e9d9e05183480a7149e5a1de0bc265ada'
Nov 16 09:42:40 localhost.localdomain kernel: Loaded X.509 cert 'Oracle Corporation: c179886de39a159135e9877492debf044af7d1eb'
Nov 16 09:42:40 localhost.localdomain kernel: Loaded X.509 cert 'Oracle Corporation: 51698ec3be0f5eb8cba8ec197d291879098fade4'
Nov 16 09:42:40 localhost.localdomain kernel: zswap: loaded using pool lzo/zbud
Nov 16 09:42:40 localhost.localdomain kernel: page_owner is disabled
Nov 16 09:42:40 localhost.localdomain kernel: Key type ._fscrypt registered
Nov 16 09:42:40 localhost.localdomain kernel: Key type .fscrypt registered
Nov 16 09:42:40 localhost.localdomain kernel: Key type big_key registered
Nov 16 09:42:40 localhost.localdomain kernel: Key type encrypted registered
Nov 16 09:42:40 localhost.localdomain kernel: ima: No TPM chip found, activating TPM-bypass!
Nov 16 09:42:40 localhost.localdomain kernel: ima: Allocated hash algorithm: sha256
Nov 16 09:42:40 localhost.localdomain kernel: ima: No architecture policies found
Nov 16 09:42:40 localhost.localdomain kernel: evm: Initialising EVM extended attributes:
Nov 16 09:42:40 localhost.localdomain kernel: evm: security.selinux
Nov 16 09:42:40 localhost.localdomain kernel: evm: security.ima
Nov 16 09:42:40 localhost.localdomain kernel: evm: security.capability
Nov 16 09:42:40 localhost.localdomain kernel: evm: HMAC attrs: 0x1
Nov 16 09:42:40 localhost.localdomain kernel: rtc_cmos 00:05: setting system clock to 2024-11-16T09:42:40 UTC (1731750160)
Nov 16 09:42:40 localhost.localdomain kernel: RAS: Correctable Errors collector initialized.
Nov 16 09:42:40 localhost.localdomain kernel: integrity: Unable to open file: /etc/keys/x509_ima.der (-2)
Nov 16 09:42:40 localhost.localdomain kernel: Freeing unused decrypted memory: 2040K
Nov 16 09:42:40 localhost.localdomain kernel: Freeing unused kernel image memory: 3020K
Nov 16 09:42:40 localhost.localdomain kernel: Write protecting the kernel read-only data: 26624k
Nov 16 09:42:40 localhost.localdomain kernel: Freeing unused kernel image memory: 2040K
Nov 16 09:42:40 localhost.localdomain kernel: Freeing unused kernel image memory: 112K
Nov 16 09:42:40 localhost.localdomain kernel: rodata_test: all tests were successful
Nov 16 09:42:40 localhost.localdomain kernel: Run /init as init process
Nov 16 09:42:40 localhost.localdomain systemd[1]: systemd 239 (239-58.0.1.el8_6.7) running in system mode. (+PAM +AUDIT +SELINUX +IMA -APPARMOR +SMACK +SYSVINIT +UTMP +LIBCRYPTSETUP +GCRYPT +GNUTLS +ACL +XZ +LZ4 +SECCOMP +BLKID +ELFUTILS +KMOD +IDN2 -IDN +PCRE2 default-hierarchy=legacy)
Nov 16 09:42:40 localhost.localdomain systemd[1]: Detected virtualization bhyve.
Nov 16 09:42:40 localhost.localdomain systemd[1]: Detected architecture x86-64.
Nov 16 09:42:40 localhost.localdomain systemd[1]: Running in initial RAM disk.
Nov 16 09:42:40 localhost.localdomain systemd[1]: Set hostname to <localhost.localdomain>.
Nov 16 09:42:40 localhost.localdomain kernel: random: systemd: uninitialized urandom read (16 bytes read)
Nov 16 09:42:40 localhost.localdomain systemd[1]: Listening on udev Kernel Socket.
Nov 16 09:42:40 localhost.localdomain kernel: random: systemd: uninitialized urandom read (16 bytes read)
Nov 16 09:42:40 localhost.localdomain systemd[1]: Reached target Slices.
Nov 16 09:42:40 localhost.localdomain kernel: random: systemd: uninitialized urandom read (16 bytes read)
Nov 16 09:42:40 localhost.localdomain systemd[1]: Reached target Swap.
Nov 16 09:42:40 localhost.localdomain systemd[1]: Reached target Timers.
Nov 16 09:42:40 localhost.localdomain systemd[1]: Reached target Local File Systems.
Nov 16 09:42:40 localhost.localdomain kernel: usb 2-1: new SuperSpeed Gen 1 USB device number 2 using xhci_hcd
Nov 16 09:42:40 localhost.localdomain kernel: usb 2-1: New USB device found, idVendor=fb5d, idProduct=0001, bcdDevice= 0.00
Nov 16 09:42:40 localhost.localdomain kernel: usb 2-1: New USB device strings: Mfr=1, Product=2, SerialNumber=3
Nov 16 09:42:40 localhost.localdomain kernel: usb 2-1: Product: HID Tablet
Nov 16 09:42:40 localhost.localdomain kernel: usb 2-1: Manufacturer: BHYVE
Nov 16 09:42:40 localhost.localdomain kernel: usb 2-1: SerialNumber: 01
Nov 16 09:42:40 localhost.localdomain kernel: input: BHYVE HID Tablet as /devices/pci0000:00/0000:00:1e.0/usb2/2-1/2-1:1.0/0003:FB5D:0001.0001/input/input4
Nov 16 09:42:40 localhost.localdomain kernel: hid-generic 0003:FB5D:0001.0001: input,hidraw0: USB HID v10.01 Mouse [BHYVE HID Tablet] on usb-0000:00:1e.0-1/input0
Nov 16 09:42:40 localhost.localdomain kernel: IPMI message handler: version 39.2
Nov 16 09:42:40 localhost.localdomain kernel: ipmi device interface
Nov 16 09:42:40 localhost.localdomain kernel: random: fast init done
Nov 16 09:42:40 localhost.localdomain systemd-journald[149]: Journal started
Nov 16 09:42:40 localhost.localdomain systemd-journald[149]: Runtime journal (/run/log/journal/06088db1377a47b2bcd19b4355d5886f) is 8.0M, max 94.2M, 86.2M free.
Nov 16 09:42:40 localhost.localdomain systemd-modules-load[147]: Module 'msr' is builtin
Nov 16 09:42:40 localhost.localdomain systemd-modules-load[147]: Inserted module 'ipmi_devintf'
Nov 16 09:42:40 localhost.localdomain systemd-sysctl[173]: Couldn't write 'fq_codel' to 'net/core/default_qdisc', ignoring: No such file or directory
Nov 16 09:42:40 localhost.localdomain systemd-sysctl[173]: Couldn't write '1' to 'net/ipv6/conf/all/disable_ipv6', ignoring: No such file or directory
Nov 16 09:42:40 localhost.localdomain systemd[1]: systemd-vconsole-setup.service: Succeeded.
Nov 16 09:42:40 localhost.localdomain systemd[1]: Started Setup Virtual Console.
Nov 16 09:42:40 localhost.localdomain systemd[1]: Starting dracut cmdline hook...
Nov 16 09:42:40 localhost.localdomain dracut-cmdline[178]: dracut-8.6 dracut-049-202.git20220511.0.1.el8_6
Nov 16 09:42:40 localhost.localdomain dracut-cmdline[178]: Using kernel command line parameters: BOOT_IMAGE=(hd0,gpt2)/boot/vmlinuz-5.4.17-2136.310.7.1.el8uek.x86_64 root=UUID=a8d18b4e-1ac0-45e3-ba22-6e3a05840f20 ro console=tty0 console=ttyS0,115200n8 rootflags=discard ipv6.disable=1
Nov 16 09:42:40 localhost.localdomain systemd[1]: Started dracut cmdline hook.
Nov 16 09:42:40 localhost.localdomain systemd[1]: Starting dracut pre-udev hook...
Nov 16 09:42:40 localhost.localdomain systemd[1]: Started dracut pre-udev hook.
Nov 16 09:42:40 localhost.localdomain systemd[1]: Starting udev Kernel Device Manager...
Nov 16 09:42:40 localhost.localdomain systemd[1]: Started udev Kernel Device Manager.
Nov 16 09:42:40 localhost.localdomain systemd[1]: Starting udev Coldplug all Devices...
Nov 16 09:42:41 localhost.localdomain systemd[1]: Mounting Kernel Configuration File System...
Nov 16 09:42:41 localhost.localdomain systemd[1]: Mounted Kernel Configuration File System.
Nov 16 09:42:41 localhost.localdomain systemd[1]: Started udev Coldplug all Devices.
Nov 16 09:42:41 localhost.localdomain systemd[1]: Starting dracut initqueue hook...
Nov 16 09:42:41 localhost.localdomain systemd[1]: Reached target System Initialization.
Nov 16 09:42:41 localhost.localdomain systemd[1]: Starting Show Plymouth Boot Screen...
Nov 16 09:42:41 localhost.localdomain kernel: input: PS/2 Generic Mouse as /devices/platform/i8042/serio1/input/input3
Nov 16 09:42:41 localhost.localdomain systemd-udevd[272]: link_config: autonegotiation is unset or enabled, the speed and duplex are not writable.
Nov 16 09:42:41 localhost.localdomain kernel: virtio-pci 0000:00:05.0: virtio_pci: leaving for legacy driver
Nov 16 09:42:41 localhost.localdomain systemd[1]: Received SIGRTMIN+20 from PID 276 (plymouthd).
Nov 16 09:42:41 localhost.localdomain kernel: virtio-pci 0000:00:0a.0: virtio_pci: leaving for legacy driver
Nov 16 09:42:41 localhost.localdomain kernel: virtio-pci 0000:00:1b.0: virtio_pci: leaving for legacy driver
Nov 16 09:42:41 localhost.localdomain systemd[1]: Started Show Plymouth Boot Screen.
Nov 16 09:42:41 localhost.localdomain systemd[1]: Reached target Paths.
Nov 16 09:42:41 localhost.localdomain systemd[1]: Started Forward Password Requests to Plymouth Directory Watch.
Nov 16 09:42:41 localhost.localdomain systemd[1]: Reached target Basic System.
Nov 16 09:42:41 localhost.localdomain kernel: virtio-pci 0000:00:1c.0: virtio_pci: leaving for legacy driver
Nov 16 09:42:41 localhost.localdomain kernel: crng init done
Nov 16 09:42:41 localhost.localdomain kernel: random: 7 urandom warning(s) missed due to ratelimiting
Nov 16 09:42:41 localhost.localdomain kernel: virtio_blk virtio1: [vda] 52428800 512-byte logical blocks (26.8 GB/25.0 GiB)
Nov 16 09:42:41 localhost.localdomain kernel: vda: detected capacity change from 0 to 26843545600
Nov 16 09:42:41 localhost.localdomain kernel:  vda: vda1 vda2
Nov 16 09:42:41 localhost.localdomain systemd-udevd[264]: Using default interface naming scheme 'rhel-8.0'.
Nov 16 09:42:41 localhost.localdomain systemd-udevd[264]: link_config: autonegotiation is unset or enabled, the speed and duplex are not writable.
Nov 16 09:42:41 localhost.localdomain kernel: virtio_net virtio0 enp0s5: renamed from eth0
Nov 16 09:42:41 localhost.localdomain systemd[1]: Found device /dev/disk/by-uuid/a8d18b4e-1ac0-45e3-ba22-6e3a05840f20.
Nov 16 09:42:41 localhost.localdomain systemd[1]: Reached target Initrd Root Device.
Nov 16 09:42:41 localhost.localdomain systemd[1]: Started dracut initqueue hook.
Nov 16 09:42:41 localhost.localdomain systemd[1]: Reached target Remote File Systems (Pre).
Nov 16 09:42:41 localhost.localdomain systemd[1]: Reached target Remote File Systems.
Nov 16 09:42:41 localhost.localdomain systemd[1]: Starting File System Check on /dev/disk/by-uuid/a8d18b4e-1ac0-45e3-ba22-6e3a05840f20...
Nov 16 09:42:41 localhost.localdomain systemd-fsck[300]: /usr/sbin/fsck.xfs: XFS file system.
Nov 16 09:42:41 localhost.localdomain systemd[1]: Started File System Check on /dev/disk/by-uuid/a8d18b4e-1ac0-45e3-ba22-6e3a05840f20.
Nov 16 09:42:41 localhost.localdomain systemd[1]: Mounting /sysroot...
Nov 16 09:42:41 localhost.localdomain kernel: SGI XFS with ACLs, security attributes, realtime, scrub, repair, no debug enabled
Nov 16 09:42:41 localhost.localdomain kernel: XFS (vda2): Mounting V5 Filesystem
Nov 16 09:42:41 localhost.localdomain kernel: XFS (vda2): Starting recovery (logdev: internal)
Nov 16 09:42:41 localhost.localdomain kernel: XFS (vda2): Ending recovery (logdev: internal)
Nov 16 09:42:41 localhost.localdomain systemd[1]: Mounted /sysroot.
Nov 16 09:42:41 localhost.localdomain systemd[1]: Reached target Initrd Root File System.
Nov 16 09:42:41 localhost.localdomain systemd[1]: Starting Reload Configuration from the Real Root...
Nov 16 09:42:41 localhost.localdomain systemd[1]: Reloading.
Nov 16 09:42:41 localhost.localdomain systemd[1]: initrd-parse-etc.service: Succeeded.
Nov 16 09:42:41 localhost.localdomain systemd[1]: Started Reload Configuration from the Real Root.
Nov 16 09:42:41 localhost.localdomain systemd[1]: Reached target Initrd File Systems.
Nov 16 09:42:41 localhost.localdomain systemd[1]: Reached target Initrd Default Target.
Nov 16 09:42:41 localhost.localdomain systemd[1]: Starting dracut pre-pivot and cleanup hook...
Nov 16 09:42:42 localhost.localdomain systemd[1]: Started dracut pre-pivot and cleanup hook.
Nov 16 09:42:42 localhost.localdomain systemd[1]: Starting Cleaning Up and Shutting Down Daemons...
Nov 16 09:42:42 localhost.localdomain systemd[1]: Starting Plymouth switch root service...
Nov 16 09:42:42 localhost.localdomain systemd[1]: Starting Setup Virtual Console...
Nov 16 09:42:42 localhost.localdomain systemd[1]: Stopped target Timers.
Nov 16 09:42:42 localhost.localdomain systemd[1]: dracut-pre-pivot.service: Succeeded.
Nov 16 09:42:42 localhost.localdomain systemd[1]: Stopped dracut pre-pivot and cleanup hook.
Nov 16 09:42:42 localhost.localdomain systemd[1]: Stopped target Remote File Systems.
Nov 16 09:42:42 localhost.localdomain systemd[1]: Stopped target Remote File Systems (Pre).
Nov 16 09:42:42 localhost.localdomain systemd[1]: Stopped target Initrd Default Target.
Nov 16 09:42:42 localhost.localdomain systemd[1]: Stopped target Basic System.
Nov 16 09:42:42 localhost.localdomain systemd[1]: Stopped target System Initialization.
Nov 16 09:42:42 localhost.localdomain systemd[1]: Stopped target Swap.
Nov 16 09:42:42 localhost.localdomain systemd[1]: Stopped target Slices.
Nov 16 09:42:42 localhost.localdomain systemd[1]: Stopped target Paths.
Nov 16 09:42:42 localhost.localdomain systemd[1]: dracut-initqueue.service: Succeeded.
Nov 16 09:42:42 localhost.localdomain systemd[1]: Stopped dracut initqueue hook.
Nov 16 09:42:42 localhost.localdomain systemd[1]: systemd-udev-trigger.service: Succeeded.
Nov 16 09:42:42 localhost.localdomain systemd[1]: Stopped udev Coldplug all Devices.
Nov 16 09:42:42 localhost.localdomain systemd[1]: Stopping udev Kernel Device Manager...
Nov 16 09:42:42 localhost.localdomain systemd[1]: systemd-sysctl.service: Succeeded.
Nov 16 09:42:42 localhost.localdomain systemd[1]: Stopped Apply Kernel Variables.
Nov 16 09:42:42 localhost.localdomain systemd[1]: Stopped target Initrd Root Device.
Nov 16 09:42:42 localhost.localdomain systemd[1]: systemd-modules-load.service: Succeeded.
Nov 16 09:42:42 localhost.localdomain systemd[1]: Stopped Load Kernel Modules.
Nov 16 09:42:42 localhost.localdomain systemd[1]: Stopped target Sockets.
Nov 16 09:42:42 localhost.localdomain systemd[1]: systemd-tmpfiles-setup.service: Succeeded.
Nov 16 09:42:42 localhost.localdomain systemd[1]: Stopped Create Volatile Files and Directories.
Nov 16 09:42:42 localhost.localdomain systemd[1]: Stopped target Local File Systems.
Nov 16 09:42:42 localhost.localdomain systemd[1]: systemd-udevd.service: Succeeded.
Nov 16 09:42:42 localhost.localdomain systemd[1]: Stopped udev Kernel Device Manager.
Nov 16 09:42:42 localhost.localdomain systemd[1]: initrd-cleanup.service: Succeeded.
Nov 16 09:42:42 localhost.localdomain systemd[1]: Started Cleaning Up and Shutting Down Daemons.
Nov 16 09:42:42 localhost.localdomain systemd[1]: systemd-tmpfiles-setup-dev.service: Succeeded.
Nov 16 09:42:42 localhost.localdomain systemd[1]: Stopped Create Static Device Nodes in /dev.
Nov 16 09:42:42 localhost.localdomain systemd[1]: kmod-static-nodes.service: Succeeded.
Nov 16 09:42:42 localhost.localdomain systemd[1]: Stopped Create list of required static device nodes for the current kernel.
Nov 16 09:42:42 localhost.localdomain systemd[1]: dracut-pre-udev.service: Succeeded.
Nov 16 09:42:42 localhost.localdomain systemd[1]: Stopped dracut pre-udev hook.
Nov 16 09:42:42 localhost.localdomain systemd[1]: dracut-cmdline.service: Succeeded.
Nov 16 09:42:42 localhost.localdomain systemd[1]: Stopped dracut cmdline hook.
Nov 16 09:42:42 localhost.localdomain systemd[1]: systemd-udevd-control.socket: Succeeded.
Nov 16 09:42:42 localhost.localdomain systemd[1]: Closed udev Control Socket.
Nov 16 09:42:42 localhost.localdomain systemd[1]: systemd-udevd-kernel.socket: Succeeded.
Nov 16 09:42:42 localhost.localdomain systemd[1]: Closed udev Kernel Socket.
Nov 16 09:42:42 localhost.localdomain systemd[1]: Starting Cleanup udevd DB...
Nov 16 09:42:42 localhost.localdomain systemd[1]: Started Plymouth switch root service.
Nov 16 09:42:42 localhost.localdomain systemd[1]: initrd-udevadm-cleanup-db.service: Succeeded.
Nov 16 09:42:42 localhost.localdomain systemd[1]: Started Cleanup udevd DB.
Nov 16 09:42:42 localhost.localdomain systemd[1]: systemd-vconsole-setup.service: Succeeded.
Nov 16 09:42:42 localhost.localdomain systemd[1]: Started Setup Virtual Console.
Nov 16 09:42:42 localhost.localdomain systemd[1]: Reached target Switch Root.
Nov 16 09:42:42 localhost.localdomain systemd[1]: Starting Switch Root...
Nov 16 09:42:42 localhost.localdomain systemd[1]: Switching root.
Nov 16 09:42:42 localhost.localdomain systemd-journald[149]: Journal stopped
Nov 16 09:42:43 Zero.local kernel: printk: systemd: 19 output lines suppressed due to ratelimiting
Nov 16 09:42:43 Zero.local kernel: SELinux:  Permission watch in class filesystem not defined in policy.
Nov 16 09:42:43 Zero.local kernel: SELinux:  Permission watch in class file not defined in policy.
Nov 16 09:42:43 Zero.local kernel: SELinux:  Permission watch_mount in class file not defined in policy.
Nov 16 09:42:43 Zero.local kernel: SELinux:  Permission watch_sb in class file not defined in policy.
Nov 16 09:42:43 Zero.local kernel: SELinux:  Permission watch_with_perm in class file not defined in policy.
Nov 16 09:42:43 Zero.local kernel: SELinux:  Permission watch_reads in class file not defined in policy.
Nov 16 09:42:43 Zero.local kernel: SELinux:  Permission watch in class dir not defined in policy.
Nov 16 09:42:43 Zero.local kernel: SELinux:  Permission watch_mount in class dir not defined in policy.
Nov 16 09:42:43 Zero.local kernel: SELinux:  Permission watch_sb in class dir not defined in policy.
Nov 16 09:42:43 Zero.local kernel: SELinux:  Permission watch_with_perm in class dir not defined in policy.
Nov 16 09:42:43 Zero.local kernel: SELinux:  Permission watch_reads in class dir not defined in policy.
Nov 16 09:42:43 Zero.local kernel: SELinux:  Permission watch in class lnk_file not defined in policy.
Nov 16 09:42:43 Zero.local kernel: SELinux:  Permission watch_mount in class lnk_file not defined in policy.
Nov 16 09:42:43 Zero.local kernel: SELinux:  Permission watch_sb in class lnk_file not defined in policy.
Nov 16 09:42:43 Zero.local kernel: SELinux:  Permission watch_with_perm in class lnk_file not defined in policy.
Nov 16 09:42:43 Zero.local kernel: SELinux:  Permission watch_reads in class lnk_file not defined in policy.
Nov 16 09:42:43 Zero.local kernel: SELinux:  Permission watch in class chr_file not defined in policy.
Nov 16 09:42:43 Zero.local kernel: SELinux:  Permission watch_mount in class chr_file not defined in policy.
Nov 16 09:42:43 Zero.local kernel: SELinux:  Permission watch_sb in class chr_file not defined in policy.
Nov 16 09:42:43 Zero.local kernel: SELinux:  Permission watch_with_perm in class chr_file not defined in policy.
Nov 16 09:42:43 Zero.local kernel: SELinux:  Permission watch_reads in class chr_file not defined in policy.
Nov 16 09:42:43 Zero.local kernel: SELinux:  Permission watch in class blk_file not defined in policy.
Nov 16 09:42:43 Zero.local kernel: SELinux:  Permission watch_mount in class blk_file not defined in policy.
Nov 16 09:42:43 Zero.local kernel: SELinux:  Permission watch_sb in class blk_file not defined in policy.
Nov 16 09:42:43 Zero.local kernel: SELinux:  Permission watch_with_perm in class blk_file not defined in policy.
Nov 16 09:42:43 Zero.local kernel: SELinux:  Permission watch_reads in class blk_file not defined in policy.
Nov 16 09:42:43 Zero.local kernel: SELinux:  Permission watch in class sock_file not defined in policy.
Nov 16 09:42:43 Zero.local kernel: SELinux:  Permission watch_mount in class sock_file not defined in policy.
Nov 16 09:42:43 Zero.local kernel: SELinux:  Permission watch_sb in class sock_file not defined in policy.
Nov 16 09:42:43 Zero.local kernel: SELinux:  Permission watch_with_perm in class sock_file not defined in policy.
Nov 16 09:42:43 Zero.local kernel: SELinux:  Permission watch_reads in class sock_file not defined in policy.
Nov 16 09:42:43 Zero.local kernel: SELinux:  Permission watch in class fifo_file not defined in policy.
Nov 16 09:42:43 Zero.local kernel: SELinux:  Permission watch_mount in class fifo_file not defined in policy.
Nov 16 09:42:43 Zero.local kernel: SELinux:  Permission watch_sb in class fifo_file not defined in policy.
Nov 16 09:42:43 Zero.local kernel: SELinux:  Permission watch_with_perm in class fifo_file not defined in policy.
Nov 16 09:42:43 Zero.local kernel: SELinux:  Permission watch_reads in class fifo_file not defined in policy.
Nov 16 09:42:43 Zero.local kernel: SELinux: the above unknown classes and permissions will be allowed
Nov 16 09:42:43 Zero.local kernel: SELinux:  policy capability network_peer_controls=1
Nov 16 09:42:43 Zero.local kernel: SELinux:  policy capability open_perms=1
Nov 16 09:42:43 Zero.local kernel: SELinux:  policy capability extended_socket_class=1
Nov 16 09:42:43 Zero.local kernel: SELinux:  policy capability always_check_network=0
Nov 16 09:42:43 Zero.local kernel: SELinux:  policy capability cgroup_seclabel=1
Nov 16 09:42:43 Zero.local kernel: SELinux:  policy capability nnp_nosuid_transition=1
Nov 16 09:42:43 Zero.local kernel: audit: type=1403 audit(1731750162.839:2): auid=4294967295 ses=4294967295 lsm=selinux res=1
Nov 16 09:42:43 Zero.local systemd[1]: Successfully loaded SELinux policy in 603.005ms.
Nov 16 09:42:43 Zero.local systemd[1]: RTC configured in localtime, applying delta of 0 minutes to system time.
Nov 16 09:42:43 Zero.local systemd[1]: Relabelled /dev, /run and /sys/fs/cgroup in 17.889ms.
Nov 16 09:42:43 Zero.local systemd[1]: systemd 239 (239-58.0.1.el8_6.7) running in system mode. (+PAM +AUDIT +SELINUX +IMA -APPARMOR +SMACK +SYSVINIT +UTMP +LIBCRYPTSETUP +GCRYPT +GNUTLS +ACL +XZ +LZ4 +SECCOMP +BLKID +ELFUTILS +KMOD +IDN2 -IDN +PCRE2 default-hierarchy=legacy)
Nov 16 09:42:43 Zero.local systemd[1]: Detected virtualization bhyve.
Nov 16 09:42:43 Zero.local systemd[1]: Detected architecture x86-64.
Nov 16 09:42:43 Zero.local systemd[1]: Set hostname to <Zero.local>.
Nov 16 09:42:43 Zero.local systemd[1]: systemd-journald.service: Succeeded.
Nov 16 09:42:43 Zero.local systemd[1]: initrd-switch-root.service: Succeeded.
Nov 16 09:42:43 Zero.local systemd[1]: Stopped Switch Root.
Nov 16 09:42:43 Zero.local systemd[1]: systemd-journald.service: Service has no hold-off time (RestartSec=0), scheduling restart.
Nov 16 09:42:43 Zero.local systemd[1]: systemd-journald.service: Scheduled restart job, restart counter is at 1.
Nov 16 09:42:43 Zero.local systemd[1]: Stopped Journal Service.
Nov 16 09:42:43 Zero.local kernel: xfs filesystem being remounted at / supports timestamps until 2038 (0x7fffffff)
Nov 16 09:42:43 Zero.local systemd-journald[422]: Journal started
Nov 16 09:42:43 Zero.local systemd-journald[422]: Runtime journal (/run/log/journal/3b53049cbbe8414dbcc6f1f322770970) is 8.0M, max 94.2M, 86.2M free.
Nov 16 09:42:43 Zero.local systemd-modules-load[426]: Module 'msr' is builtin
Nov 16 09:42:43 Zero.local systemd[1]: Started Read and set NIS domainname from /etc/sysconfig/network.
Nov 16 09:42:43 Zero.local systemd[1]: Started Load Kernel Modules.
Nov 16 09:42:43 Zero.local systemd[1]: Started Monitoring of LVM2 mirrors, snapshots etc. using dmeventd or progress polling.
Nov 16 09:42:43 Zero.local systemd[1]: Mounted Huge Pages File System.
Nov 16 09:42:43 Zero.local systemd[1]: Started Remount Root and Kernel File Systems.
Nov 16 09:42:43 Zero.local systemd[1]: Mounted POSIX Message Queue File System.
Nov 16 09:42:43 Zero.local systemd[1]: Starting Load/Save Random Seed...
Nov 16 09:42:43 Zero.local systemd[1]: Starting Apply Kernel Variables...
Nov 16 09:42:43 Zero.local systemd[1]: Starting Flush Journal to Persistent Storage...
Nov 16 09:42:43 Zero.local systemd[1]: Starting Create Static Device Nodes in /dev...
Nov 16 09:42:43 Zero.local systemd[1]: Started Load/Save Random Seed.
Nov 16 09:42:43 Zero.local systemd-journald[422]: Runtime journal (/run/log/journal/3b53049cbbe8414dbcc6f1f322770970) is 8.0M, max 94.2M, 86.2M free.
Nov 16 09:42:43 Zero.local systemd[1]: Started Flush Journal to Persistent Storage.
Nov 16 09:42:43 Zero.local systemd-sysctl[447]: Couldn't write '1' to 'net/ipv6/conf/all/disable_ipv6', ignoring: No such file or directory
Nov 16 09:42:43 Zero.local systemd[1]: Started Apply Kernel Variables.
Nov 16 09:42:43 Zero.local systemd[1]: Started Create Static Device Nodes in /dev.
Nov 16 09:42:43 Zero.local systemd[1]: Starting udev Kernel Device Manager...
Nov 16 09:42:43 Zero.local systemd[1]: systemd-vconsole-setup.service: Succeeded.
Nov 16 09:42:43 Zero.local systemd[1]: Started Setup Virtual Console.
Nov 16 09:42:43 Zero.local systemd[1]: Started udev Coldplug all Devices.
Nov 16 09:42:43 Zero.local systemd[1]: Starting udev Wait for Complete Device Initialization...
Nov 16 09:42:43 Zero.local systemd[1]: Started udev Kernel Device Manager.
Nov 16 09:42:43 Zero.local kernel: input: PC Speaker as /devices/platform/pcspkr/input/input5
Nov 16 09:42:43 Zero.local systemd-udevd[464]: Using default interface naming scheme 'rhel-8.0'.
Nov 16 09:42:43 Zero.local systemd-udevd[464]: link_config: autonegotiation is unset or enabled, the speed and duplex are not writable.
Nov 16 09:42:43 Zero.local systemd-udevd[465]: link_config: autonegotiation is unset or enabled, the speed and duplex are not writable.
Nov 16 09:42:43 Zero.local kernel: cryptd: max_cpu_qlen set to 1000
Nov 16 09:42:44 Zero.local kernel: AVX2 version of gcm_enc/dec engaged.
Nov 16 09:42:44 Zero.local kernel: AES CTR mode by8 optimization enabled
Nov 16 09:42:44 Zero.local systemd[1]: Started udev Wait for Complete Device Initialization.
Nov 16 09:42:44 Zero.local systemd[1]: Reached target Local File Systems (Pre).
Nov 16 09:42:44 Zero.local systemd[1]: Starting File System Check on /dev/disk/by-uuid/2648-32B7...
Nov 16 09:42:44 Zero.local systemd-fsck[540]: fsck.fat 4.1 (2017-01-24)
Nov 16 09:42:44 Zero.local systemd-fsck[540]: 0x25: Dirty bit is set. Fs was not properly unmounted and some data may be corrupt.
Nov 16 09:42:44 Zero.local systemd-fsck[540]:  Automatically removing dirty bit.
Nov 16 09:42:44 Zero.local systemd-fsck[540]: Performing changes.
Nov 16 09:42:44 Zero.local systemd-fsck[540]: /dev/vda1: 14 files, 3257/25541 clusters
Nov 16 09:42:44 Zero.local systemd[1]: Started File System Check on /dev/disk/by-uuid/2648-32B7.
Nov 16 09:42:44 Zero.local systemd[1]: Mounting /boot/efi...
Nov 16 09:42:44 Zero.local systemd[1]: Mounted /boot/efi.
Nov 16 09:42:44 Zero.local systemd[1]: Reached target Local File Systems.
Nov 16 09:42:44 Zero.local systemd[1]: Starting Tell Plymouth To Write Out Runtime Data...
Nov 16 09:42:44 Zero.local systemd[1]: Starting Restore /run/initramfs on shutdown...
Nov 16 09:42:44 Zero.local systemd[1]: Starting Import network configuration from initramfs...
Nov 16 09:42:44 Zero.local systemd[1]: Started Restore /run/initramfs on shutdown.
Nov 16 09:42:44 Zero.local systemd[1]: Received SIGRTMIN+20 from PID 276 (plymouthd).
Nov 16 09:42:44 Zero.local systemd[1]: Started Tell Plymouth To Write Out Runtime Data.
Nov 16 09:42:44 Zero.local systemd[1]: Started Import network configuration from initramfs.
Nov 16 09:42:44 Zero.local systemd[1]: Starting Create Volatile Files and Directories...
Nov 16 09:42:44 Zero.local systemd[1]: Started Create Volatile Files and Directories.
Nov 16 09:42:44 Zero.local systemd[1]: Starting Security Auditing Service...
Nov 16 09:42:44 Zero.local auditd[570]: audit dispatcher initialized with q_depth=1200 and 1 active plugins
Nov 16 09:42:44 Zero.local auditd[570]: Init complete, auditd 3.0.7 listening for events (startup state enable)
Nov 16 09:42:44 Zero.local augenrules[575]: /sbin/augenrules: No change
Nov 16 09:42:44 Zero.local augenrules[585]: No rules
Nov 16 09:42:44 Zero.local augenrules[585]: enabled 1
Nov 16 09:42:44 Zero.local augenrules[585]: failure 1
Nov 16 09:42:44 Zero.local augenrules[585]: pid 570
Nov 16 09:42:44 Zero.local augenrules[585]: rate_limit 0
Nov 16 09:42:44 Zero.local augenrules[585]: backlog_limit 8192
Nov 16 09:42:44 Zero.local augenrules[585]: lost 0
Nov 16 09:42:44 Zero.local augenrules[585]: backlog 1
Nov 16 09:42:44 Zero.local augenrules[585]: backlog_wait_time 60000
Nov 16 09:42:44 Zero.local augenrules[585]: enabled 1
Nov 16 09:42:44 Zero.local augenrules[585]: failure 1
Nov 16 09:42:44 Zero.local augenrules[585]: pid 570
Nov 16 09:42:44 Zero.local augenrules[585]: rate_limit 0
Nov 16 09:42:44 Zero.local augenrules[585]: backlog_limit 8192
Nov 16 09:42:44 Zero.local augenrules[585]: lost 0
Nov 16 09:42:44 Zero.local augenrules[585]: backlog 1
Nov 16 09:42:44 Zero.local augenrules[585]: backlog_wait_time 60000
Nov 16 09:42:44 Zero.local augenrules[585]: enabled 1
Nov 16 09:42:44 Zero.local augenrules[585]: failure 1
Nov 16 09:42:44 Zero.local augenrules[585]: pid 570
Nov 16 09:42:44 Zero.local augenrules[585]: rate_limit 0
Nov 16 09:42:44 Zero.local augenrules[585]: backlog_limit 8192
Nov 16 09:42:44 Zero.local augenrules[585]: lost 0
Nov 16 09:42:44 Zero.local augenrules[585]: backlog 1
Nov 16 09:42:44 Zero.local augenrules[585]: backlog_wait_time 60000
Nov 16 09:42:44 Zero.local systemd[1]: Started Security Auditing Service.
Nov 16 09:42:44 Zero.local systemd[1]: Starting Update UTMP about System Boot/Shutdown...
Nov 16 09:42:44 Zero.local systemd[1]: Started Update UTMP about System Boot/Shutdown.
Nov 16 09:42:44 Zero.local systemd[1]: Reached target System Initialization.
Nov 16 09:42:44 Zero.local systemd[1]: Listening on D-Bus System Message Bus Socket.
Nov 16 09:42:44 Zero.local systemd[1]: Starting Initial cloud-init job (pre-networking)...
Nov 16 09:42:44 Zero.local systemd[1]: Started Daily Cleanup of Temporary Directories.
Nov 16 09:42:44 Zero.local systemd[1]: Listening on Open-iSCSI iscsiuio Socket.
Nov 16 09:42:44 Zero.local systemd[1]: Listening on Open-iSCSI iscsid Socket.
Nov 16 09:42:44 Zero.local systemd[1]: Started dnf makecache --timer.
Nov 16 09:42:44 Zero.local systemd[1]: Listening on SSSD Kerberos Cache Manager responder socket.
Nov 16 09:42:44 Zero.local systemd[1]: Reached target Sockets.
Nov 16 09:42:44 Zero.local systemd[1]: Reached target Basic System.
Nov 16 09:42:44 Zero.local systemd[1]: Started irqbalance daemon.
Nov 16 09:42:44 Zero.local systemd[1]: Starting VDO volume services...
Nov 16 09:42:44 Zero.local systemd[1]: Starting System Security Services Daemon...
Nov 16 09:42:44 Zero.local systemd[1]: Starting NTP client/server...
Nov 16 09:42:44 Zero.local systemd[1]: Started libstoragemgmt plug-in server daemon.
Nov 16 09:42:44 Zero.local systemd[1]: Started Updates mlocate database every day.
Nov 16 09:42:44 Zero.local systemd[1]: Started daily update of the root trust anchor for DNSSEC.
Nov 16 09:42:44 Zero.local systemd[1]: Reached target Timers.
Nov 16 09:42:44 Zero.local /usr/sbin/irqbalance[595]: Balancing is ineffective on systems with a single cpu.  Shutting down
Nov 16 09:42:44 Zero.local systemd[1]: Starting Authorization Manager...
Nov 16 09:42:44 Zero.local systemd[1]: Started D-Bus System Message Bus.
Nov 16 09:42:44 Zero.local systemd[1]: irqbalance.service: Succeeded.
Nov 16 09:42:44 Zero.local systemd[1]: Starting update of the root trust anchor for DNSSEC validation in unbound...
Nov 16 09:42:44 Zero.local chronyd[607]: chronyd version 4.1 starting (+CMDMON +NTP +REFCLOCK +RTC +PRIVDROP +SCFILTER +SIGND +ASYNCDNS +NTS +SECHASH +IPV6 +DEBUG)
Nov 16 09:42:44 Zero.local systemd[1]: Started Update a database for mlocate.
Nov 16 09:42:44 Zero.local polkitd[601]: Started polkitd version 0.115
Nov 16 09:42:44 Zero.local chronyd[607]: Could not open command socket on [::1]:323
Nov 16 09:42:44 Zero.local chronyd[607]: Frequency -43.536 +/- 14.908 ppm read from /var/lib/chrony/drift
Nov 16 09:42:44 Zero.local chronyd[607]: Using right/UTC timezone to obtain leap second data
Nov 16 09:42:44 Zero.local sssd[598]: Starting up
Nov 16 09:42:44 Zero.local systemd[1]: Started NTP client/server.
Nov 16 09:42:44 Zero.local sssd_be[622]: Starting up
Nov 16 09:42:44 Zero.local polkitd[601]: Loading rules from directory /etc/polkit-1/rules.d
Nov 16 09:42:44 Zero.local polkitd[601]: Loading rules from directory /usr/share/polkit-1/rules.d
Nov 16 09:42:44 Zero.local polkitd[601]: Finished loading, compiling and executing 4 rules
Nov 16 09:42:44 Zero.local systemd[1]: Started Authorization Manager.
Nov 16 09:42:44 Zero.local polkitd[601]: Acquired the name org.freedesktop.PolicyKit1 on the system bus
Nov 16 09:42:44 Zero.local sssd_nss[632]: Starting up
Nov 16 09:42:45 Zero.local systemd[1]: Started System Security Services Daemon.
Nov 16 09:42:45 Zero.local systemd[1]: Reached target User and Group Name Lookups.
Nov 16 09:42:45 Zero.local systemd[1]: Starting Login Service...
Nov 16 09:42:45 Zero.local systemd-logind[671]: New seat seat0.
Nov 16 09:42:45 Zero.local systemd-logind[671]: Watching system buttons on /dev/input/event0 (Power Button)
Nov 16 09:42:45 Zero.local systemd-logind[671]: Watching system buttons on /dev/input/event1 (AT Translated Set 2 keyboard)
Nov 16 09:42:45 Zero.local systemd[1]: Started Login Service.
Nov 16 09:42:45 Zero.local systemd[1]: Started VDO volume services.
Nov 16 09:42:45 Zero.local systemd[1]: unbound-anchor.service: Succeeded.
Nov 16 09:42:45 Zero.local systemd[1]: Started update of the root trust anchor for DNSSEC validation in unbound.
Nov 16 09:42:46 Zero.local systemd[1]: mlocate-updatedb.service: Succeeded.
Nov 16 09:42:53 Zero.local cloud-init[777]: Cloud-init v. 21.1-15.0.1.el8_6.3 running 'init-local' at Sat, 16 Nov 2024 09:42:45 +0000. Up 6.96 seconds.
Nov 16 09:42:53 Zero.local systemd[1]: Started Initial cloud-init job (pre-networking).
Nov 16 09:42:53 Zero.local systemd[1]: Reached target Network (Pre).
Nov 16 09:42:53 Zero.local systemd[1]: Starting Network Manager...
Nov 16 09:42:53 Zero.local NetworkManager[789]: <info>  [1731750173.7744] NetworkManager (version 1.36.0-7.0.1.el8_6) is starting... (for the first time)
Nov 16 09:42:53 Zero.local NetworkManager[789]: <info>  [1731750173.7756] Read config: /etc/NetworkManager/NetworkManager.conf (etc: 99-cloud-init.conf)
Nov 16 09:42:53 Zero.local systemd[1]: Started Network Manager.
Nov 16 09:42:53 Zero.local systemd[1]: Starting Network Manager Wait Online...
Nov 16 09:42:53 Zero.local systemd[1]: Reached target Network.
Nov 16 09:42:53 Zero.local systemd[1]: Starting Dynamic System Tuning Daemon...
Nov 16 09:42:53 Zero.local NetworkManager[789]: <info>  [1731750173.7876] bus-manager: acquired D-Bus service "org.freedesktop.NetworkManager"
Nov 16 09:42:53 Zero.local NetworkManager[789]: <info>  [1731750173.7965] manager[0x5563b0337090]: monitoring kernel firmware directory '/lib/firmware'.
Nov 16 09:42:53 Zero.local dbus-daemon[603]: [system] Activating via systemd: service name='org.freedesktop.hostname1' unit='dbus-org.freedesktop.hostname1.service' requested by ':1.7' (uid=0 pid=789 comm="/usr/sbin/NetworkManager --no-daemon " label="system_u:system_r:NetworkManager_t:s0")
Nov 16 09:42:53 Zero.local systemd[1]: Starting Hostname Service...
Nov 16 09:42:53 Zero.local dbus-daemon[603]: [system] Successfully activated service 'org.freedesktop.hostname1'
Nov 16 09:42:53 Zero.local systemd[1]: Started Hostname Service.
Nov 16 09:42:53 Zero.local NetworkManager[789]: <info>  [1731750173.9425] hostname: hostname: using hostnamed
Nov 16 09:42:53 Zero.local NetworkManager[789]: <info>  [1731750173.9427] hostname: static hostname changed from (none) to "Zero.local"
Nov 16 09:42:53 Zero.local NetworkManager[789]: <info>  [1731750173.9430] dns-mgr[0x5563b0316250]: init: dns=none,systemd-resolved rc-manager=unmanaged
Nov 16 09:42:53 Zero.local NetworkManager[789]: <info>  [1731750173.9656] manager[0x5563b0337090]: rfkill: Wi-Fi hardware radio set enabled
Nov 16 09:42:53 Zero.local NetworkManager[789]: <info>  [1731750173.9657] manager[0x5563b0337090]: rfkill: WWAN hardware radio set enabled
Nov 16 09:42:53 Zero.local NetworkManager[789]: <info>  [1731750173.9824] Loaded device plugin: NMTeamFactory (/usr/lib64/NetworkManager/1.36.0-7.0.1.el8_6/libnm-device-plugin-team.so)
Nov 16 09:42:53 Zero.local NetworkManager[789]: <info>  [1731750173.9826] manager: rfkill: Wi-Fi enabled by radio killswitch; enabled by state file
Nov 16 09:42:53 Zero.local NetworkManager[789]: <info>  [1731750173.9829] manager: rfkill: WWAN enabled by radio killswitch; enabled by state file
Nov 16 09:42:53 Zero.local NetworkManager[789]: <info>  [1731750173.9832] manager: Networking is enabled by state file
Nov 16 09:42:53 Zero.local dbus-daemon[603]: [system] Activating via systemd: service name='org.freedesktop.nm_dispatcher' unit='dbus-org.freedesktop.nm-dispatcher.service' requested by ':1.7' (uid=0 pid=789 comm="/usr/sbin/NetworkManager --no-daemon " label="system_u:system_r:NetworkManager_t:s0")
Nov 16 09:42:53 Zero.local NetworkManager[789]: <info>  [1731750173.9916] settings: Loaded settings plugin: ifcfg-rh ("/usr/lib64/NetworkManager/1.36.0-7.0.1.el8_6/libnm-settings-plugin-ifcfg-rh.so")
Nov 16 09:42:53 Zero.local NetworkManager[789]: <info>  [1731750173.9918] settings: Loaded settings plugin: keyfile (internal)
Nov 16 09:42:53 Zero.local systemd[1]: Starting Network Manager Script Dispatcher Service...
Nov 16 09:42:54 Zero.local NetworkManager[789]: <info>  [1731750174.0039] dhcp-init: Using DHCP client 'internal'
Nov 16 09:42:54 Zero.local NetworkManager[789]: <info>  [1731750174.0041] device (lo): carrier: link connected
Nov 16 09:42:54 Zero.local NetworkManager[789]: <info>  [1731750174.0063] manager: (lo): new Generic device (/org/freedesktop/NetworkManager/Devices/1)
Nov 16 09:42:54 Zero.local NetworkManager[789]: <info>  [1731750174.0131] manager: (enp0s5): new Ethernet device (/org/freedesktop/NetworkManager/Devices/2)
Nov 16 09:42:54 Zero.local NetworkManager[789]: <info>  [1731750174.0142] device (enp0s5): state change: unmanaged -> unavailable (reason 'managed', sys-iface-state: 'external')
Nov 16 09:42:54 Zero.local NetworkManager[789]: <info>  [1731750174.0187] device (enp0s5): carrier: link connected
Nov 16 09:42:54 Zero.local systemd[1]: Listening on Load/Save RF Kill Switch Status /dev/rfkill Watch.
Nov 16 09:42:54 Zero.local NetworkManager[789]: <info>  [1731750174.0443] device (enp0s5): state change: unavailable -> disconnected (reason 'none', sys-iface-state: 'managed')
Nov 16 09:42:54 Zero.local NetworkManager[789]: <info>  [1731750174.0478] policy: auto-activating connection 'System enp0s5' (ff50bf0c-d827-8749-7040-b9a6f2c3f685)
Nov 16 09:42:54 Zero.local NetworkManager[789]: <info>  [1731750174.0495] device (enp0s5): Activation: starting connection 'System enp0s5' (ff50bf0c-d827-8749-7040-b9a6f2c3f685)
Nov 16 09:42:54 Zero.local NetworkManager[789]: <info>  [1731750174.0499] device (enp0s5): state change: disconnected -> prepare (reason 'none', sys-iface-state: 'managed')
Nov 16 09:42:54 Zero.local NetworkManager[789]: <info>  [1731750174.0513] manager: NetworkManager state is now CONNECTING
Nov 16 09:42:54 Zero.local NetworkManager[789]: <info>  [1731750174.0519] device (enp0s5): state change: prepare -> config (reason 'none', sys-iface-state: 'managed')
Nov 16 09:42:54 Zero.local NetworkManager[789]: <info>  [1731750174.0548] device (enp0s5): state change: config -> ip-config (reason 'none', sys-iface-state: 'managed')
Nov 16 09:42:54 Zero.local NetworkManager[789]: <info>  [1731750174.0591] device (enp0s5): state change: ip-config -> ip-check (reason 'none', sys-iface-state: 'managed')
Nov 16 09:42:54 Zero.local dbus-daemon[603]: [system] Successfully activated service 'org.freedesktop.nm_dispatcher'
Nov 16 09:42:54 Zero.local systemd[1]: Started Network Manager Script Dispatcher Service.
Nov 16 09:42:54 Zero.local NetworkManager[789]: <info>  [1731750174.0751] device (enp0s5): state change: ip-check -> secondaries (reason 'none', sys-iface-state: 'managed')
Nov 16 09:42:54 Zero.local NetworkManager[789]: <info>  [1731750174.0753] device (enp0s5): state change: secondaries -> activated (reason 'none', sys-iface-state: 'managed')
Nov 16 09:42:54 Zero.local NetworkManager[789]: <info>  [1731750174.0755] manager: NetworkManager state is now CONNECTED_LOCAL
Nov 16 09:42:54 Zero.local NetworkManager[789]: <info>  [1731750174.0757] manager: NetworkManager state is now CONNECTED_SITE
Nov 16 09:42:54 Zero.local NetworkManager[789]: <info>  [1731750174.0757] policy: set 'System enp0s5' (enp0s5) as default for IPv4 routing and DNS
Nov 16 09:42:54 Zero.local NetworkManager[789]: <info>  [1731750174.0758] device (enp0s5): Activation: successful, device activated.
Nov 16 09:42:54 Zero.local NetworkManager[789]: <info>  [1731750174.0762] manager: NetworkManager state is now CONNECTED_GLOBAL
Nov 16 09:42:54 Zero.local NetworkManager[789]: <info>  [1731750174.0764] manager: startup complete
Nov 16 09:42:54 Zero.local systemd[1]: Started Network Manager Wait Online.
Nov 16 09:42:54 Zero.local systemd[1]: Starting Initial cloud-init job (metadata service crawler)...
Nov 16 09:42:54 Zero.local systemd[1]: Started Dynamic System Tuning Daemon.
Nov 16 09:42:55 Zero.local cloud-init[1001]: Cloud-init v. 21.1-15.0.1.el8_6.3 running 'init' at Sat, 16 Nov 2024 09:42:54 +0000. Up 15.96 seconds.
Nov 16 09:42:55 Zero.local cloud-init[1001]: ci-info: +++++++++++++++++++++++++++++++Net device info++++++++++++++++++++++++++++++++
Nov 16 09:42:55 Zero.local cloud-init[1001]: ci-info: +--------+------+---------------+---------------+--------+-------------------+
Nov 16 09:42:55 Zero.local cloud-init[1001]: ci-info: | Device |  Up  |    Address    |      Mask     | Scope  |     Hw-Address    |
Nov 16 09:42:55 Zero.local cloud-init[1001]: ci-info: +--------+------+---------------+---------------+--------+-------------------+
Nov 16 09:42:55 Zero.local cloud-init[1001]: ci-info: | enp0s5 | True | 78.140.243.19 | 255.255.255.0 | global | ca:0b:f0:53:77:ea |
Nov 16 09:42:55 Zero.local cloud-init[1001]: ci-info: |   lo   | True |   127.0.0.1   |   255.0.0.0   |  host  |         .         |
Nov 16 09:42:55 Zero.local cloud-init[1001]: ci-info: +--------+------+---------------+---------------+--------+-------------------+
Nov 16 09:42:55 Zero.local cloud-init[1001]: ci-info: ++++++++++++++++++++++++++++++Route IPv4 info++++++++++++++++++++++++++++++
Nov 16 09:42:55 Zero.local cloud-init[1001]: ci-info: +-------+--------------+--------------+---------------+-----------+-------+
Nov 16 09:42:55 Zero.local cloud-init[1001]: ci-info: | Route | Destination  |   Gateway    |    Genmask    | Interface | Flags |
Nov 16 09:42:55 Zero.local cloud-init[1001]: ci-info: +-------+--------------+--------------+---------------+-----------+-------+
Nov 16 09:42:55 Zero.local cloud-init[1001]: ci-info: |   0   |   0.0.0.0    | 78.140.243.1 |    0.0.0.0    |   enp0s5  |   UG  |
Nov 16 09:42:55 Zero.local cloud-init[1001]: ci-info: |   1   | 78.140.243.0 |   0.0.0.0    | 255.255.255.0 |   enp0s5  |   U   |
Nov 16 09:42:55 Zero.local cloud-init[1001]: ci-info: +-------+--------------+--------------+---------------+-----------+-------+
Nov 16 09:42:55 Zero.local systemd[1]: Started Initial cloud-init job (metadata service crawler).
Nov 16 09:42:55 Zero.local systemd[1]: Reached target Cloud-config availability.
Nov 16 09:42:55 Zero.local systemd[1]: Reached target Network is Online.
Nov 16 09:42:55 Zero.local systemd[1]: Starting System Logging Service...
Nov 16 09:42:55 Zero.local systemd[1]: Starting Apply the settings specified in cloud-config...
Nov 16 09:42:55 Zero.local systemd[1]: Starting Open-iSCSI...
Nov 16 09:42:55 Zero.local systemd[1]: Reached target sshd-keygen.target.
Nov 16 09:42:55 Zero.local systemd[1]: Starting OpenSSH server daemon...
Nov 16 09:42:55 Zero.local rsyslogd[1038]: [origin software="rsyslogd" swVersion="8.2102.0-7.el8_6.1" x-pid="1038" x-info="https://www.rsyslog.com"] start
Nov 16 09:42:55 Zero.local systemd[1]: Started System Logging Service.
Nov 16 09:42:55 Zero.local kernel: Loading iSCSI transport class v2.0-870.
Nov 16 09:42:55 Zero.local sshd[1041]: Server listening on 0.0.0.0 port 22.
Nov 16 09:42:55 Zero.local iscsid[1040]: iscsid: InitiatorName=iqn.1988-12.com.oracle:e42bf2302dc4
Nov 16 09:42:55 Zero.local iscsid[1040]: iscsid: InitiatorAlias=Zero.local
Nov 16 09:42:55 Zero.local iscsid[1040]: iscsid: Max file limits 1024 262144
Nov 16 09:42:55 Zero.local systemd[1]: Started Open-iSCSI.
Nov 16 09:42:55 Zero.local systemd[1]: Starting Logout off all iSCSI sessions on shutdown...
Nov 16 09:42:55 Zero.local systemd[1]: Started OpenSSH server daemon.
Nov 16 09:42:55 Zero.local systemd[1]: Started Logout off all iSCSI sessions on shutdown.
Nov 16 09:42:55 Zero.local systemd[1]: Reached target Remote File Systems (Pre).
Nov 16 09:42:55 Zero.local systemd[1]: Reached target Remote File Systems.
Nov 16 09:42:55 Zero.local systemd[1]: Starting Permit User Sessions...
Nov 16 09:42:55 Zero.local rsyslogd[1038]: imjournal: journal files changed, reloading...  [v8.2102.0-7.el8_6.1 try https://www.rsyslog.com/e/0 ]
Nov 16 09:42:55 Zero.local systemd[1]: Started Permit User Sessions.
Nov 16 09:42:55 Zero.local systemd[1]: Started Job spooling tools.
Nov 16 09:42:55 Zero.local systemd[1]: Starting Terminate Plymouth Boot Screen...
Nov 16 09:42:55 Zero.local systemd[1]: Starting Hold until boot process finishes up...
Nov 16 09:42:55 Zero.local systemd[1]: Started Command Scheduler.
Nov 16 09:42:55 Zero.local crond[1063]: (CRON) STARTUP (1.5.2)
Nov 16 09:42:55 Zero.local crond[1063]: (CRON) INFO (Syslog will be used instead of sendmail.)
Nov 16 09:42:55 Zero.local crond[1063]: (CRON) INFO (RANDOM_DELAY will be scaled with factor 20% if used.)
Nov 16 09:42:55 Zero.local systemd[1]: Received SIGRTMIN+21 from PID 276 (plymouthd).
Nov 16 09:42:55 Zero.local systemd[1]: Received SIGRTMIN+21 from PID 276 (n/a).
Nov 16 09:42:55 Zero.local systemd[1]: Started Terminate Plymouth Boot Screen.
Nov 16 09:42:55 Zero.local systemd[1]: Started Hold until boot process finishes up.
Nov 16 09:42:55 Zero.local systemd[1]: Started Getty on tty1.
Nov 16 09:42:55 Zero.local systemd[1]: Started Serial Getty on ttyS0.
Nov 16 09:42:55 Zero.local systemd[1]: Reached target Login Prompts.
Nov 16 09:42:55 Zero.local systemd[1]: Reached target Multi-User System.
Nov 16 09:42:55 Zero.local systemd[1]: Starting Update UTMP about System Runlevel Changes...
Nov 16 09:42:55 Zero.local crond[1063]: (CRON) INFO (running with inotify support)
Nov 16 09:42:55 Zero.local systemd[1]: systemd-update-utmp-runlevel.service: Succeeded.
Nov 16 09:42:55 Zero.local systemd[1]: Started Update UTMP about System Runlevel Changes.
Nov 16 09:42:55 Zero.local cloud-init[1076]: Cloud-init v. 21.1-15.0.1.el8_6.3 running 'modules:config' at Sat, 16 Nov 2024 09:42:55 +0000. Up 16.92 seconds.
Nov 16 09:42:56 Zero.local systemd[1]: Started Apply the settings specified in cloud-config.
Nov 16 09:42:56 Zero.local systemd[1]: Starting Execute cloud user/final scripts...
Nov 16 09:42:56 Zero.local cloud-init[1084]: Cloud-init v. 21.1-15.0.1.el8_6.3 running 'modules:final' at Sat, 16 Nov 2024 09:42:56 +0000. Up 17.38 seconds.
Nov 16 09:42:56 Zero.local systemd[1]: Reloading Network Manager.
Nov 16 09:42:56 Zero.local NetworkManager[789]: <info>  [1731750176.5350] audit: op="reload" arg="0" pid=1090 uid=0 result="success"
Nov 16 09:42:56 Zero.local NetworkManager[789]: <info>  [1731750176.5357] config: signal: SIGHUP (no changes from disk)
Nov 16 09:42:56 Zero.local dbus-daemon[603]: [system] Activating via systemd: service name='org.freedesktop.resolve1' unit='dbus-org.freedesktop.resolve1.service' requested by ':1.7' (uid=0 pid=789 comm="/usr/sbin/NetworkManager --no-daemon " label="system_u:system_r:NetworkManager_t:s0")
Nov 16 09:42:56 Zero.local dbus-daemon[603]: [system] Activation via systemd failed for unit 'dbus-org.freedesktop.resolve1.service': Unit dbus-org.freedesktop.resolve1.service not found.
Nov 16 09:42:56 Zero.local systemd[1]: Reloaded Network Manager.
Nov 16 09:42:56 Zero.local systemd[1]: Started Execute cloud user/final scripts.
Nov 16 09:42:56 Zero.local systemd[1]: Reached target Cloud-init target.
Nov 16 09:42:56 Zero.local systemd[1]: Startup finished in 1.578s (kernel) + 1.709s (initrd) + 14.303s (userspace) = 17.592s.
Nov 16 09:42:59 Zero.local chronyd[607]: Selected source 162.159.200.123 (2.pool.ntp.org)
Nov 16 09:42:59 Zero.local chronyd[607]: System clock wrong by 1.305703 seconds
Nov 16 09:43:00 Zero.local chronyd[607]: System clock was stepped by 1.305703 seconds
Nov 16 09:43:00 Zero.local chronyd[607]: System clock TAI offset set to 37 seconds
Nov 16 09:43:05 Zero.local systemd[1]: NetworkManager-dispatcher.service: Succeeded.
Nov 16 09:43:25 Zero.local systemd[1]: systemd-hostnamed.service: Succeeded.
Nov 16 09:44:07 Zero.local chronyd[607]: Selected source 162.159.200.1 (2.pool.ntp.org)
Nov 16 09:44:11 Zero.local sshd[1105]: Accepted publickey for root from 88.201.181.66 port 62079 ssh2: RSA SHA256:dFeG+pNnJlStaUuNPWAsVf1PNscMpq1/ThjpmzLqRoQ
Nov 16 09:44:11 Zero.local systemd[1]: Created slice User Slice of UID 0.
Nov 16 09:44:11 Zero.local systemd[1]: Starting User runtime directory /run/user/0...
Nov 16 09:44:11 Zero.local systemd-logind[671]: New session 1 of user root.
Nov 16 09:44:11 Zero.local systemd[1]: Started User runtime directory /run/user/0.
Nov 16 09:44:11 Zero.local systemd[1]: Starting User Manager for UID 0...
Nov 16 09:44:11 Zero.local systemd[1110]: pam_unix(systemd-user:session): session opened for user root by (uid=0)
Nov 16 09:44:11 Zero.local systemd[1110]: Reached target Paths.
Nov 16 09:44:11 Zero.local systemd[1110]: Starting D-Bus User Message Bus Socket.
Nov 16 09:44:11 Zero.local systemd[1110]: Reached target Timers.
Nov 16 09:44:11 Zero.local systemd[1110]: Listening on D-Bus User Message Bus Socket.
Nov 16 09:44:11 Zero.local systemd[1110]: Reached target Sockets.
Nov 16 09:44:11 Zero.local systemd[1110]: Reached target Basic System.
Nov 16 09:44:11 Zero.local systemd[1110]: Reached target Default.
Nov 16 09:44:11 Zero.local systemd[1110]: Startup finished in 44ms.
Nov 16 09:44:11 Zero.local systemd[1]: Started User Manager for UID 0.
Nov 16 09:44:11 Zero.local systemd[1]: Started Session 1 of user root.
Nov 16 09:44:11 Zero.local sshd[1105]: pam_unix(sshd:session): session opened for user root by (uid=0)
Nov 16 09:44:31 Zero.local sshd[1120]: Received disconnect from 88.201.181.66 port 62079:11: disconnected by user
Nov 16 09:44:31 Zero.local sshd[1120]: Disconnected from user root 88.201.181.66 port 62079
Nov 16 09:44:31 Zero.local sshd[1105]: pam_unix(sshd:session): session closed for user root
Nov 16 09:44:31 Zero.local systemd[1]: session-1.scope: Succeeded.
Nov 16 09:44:31 Zero.local systemd-logind[671]: Session 1 logged out. Waiting for processes to exit.
Nov 16 09:44:31 Zero.local systemd-logind[671]: Removed session 1.
Nov 16 09:44:41 Zero.local systemd[1]: Stopping User Manager for UID 0...
Nov 16 09:44:41 Zero.local systemd[1110]: Stopped target Default.
Nov 16 09:44:41 Zero.local systemd[1110]: Stopped target Basic System.
Nov 16 09:44:41 Zero.local systemd[1110]: Stopped target Sockets.
Nov 16 09:44:41 Zero.local systemd[1110]: Closed D-Bus User Message Bus Socket.
Nov 16 09:44:41 Zero.local systemd[1110]: Stopped target Timers.
Nov 16 09:44:41 Zero.local systemd[1110]: Stopped target Paths.
Nov 16 09:44:41 Zero.local systemd[1110]: Reached target Shutdown.
Nov 16 09:44:41 Zero.local systemd[1110]: Started Exit the Session.
Nov 16 09:44:41 Zero.local systemd[1110]: Reached target Exit the Session.
Nov 16 09:44:41 Zero.local systemd[1114]: pam_unix(systemd-user:session): session closed for user root
Nov 16 09:44:41 Zero.local systemd[1]: user@0.service: Succeeded.
Nov 16 09:44:41 Zero.local systemd[1]: Stopped User Manager for UID 0.
Nov 16 09:44:41 Zero.local systemd[1]: Stopping User runtime directory /run/user/0...
Nov 16 09:44:41 Zero.local systemd[1]: run-user-0.mount: Succeeded.
Nov 16 09:44:41 Zero.local systemd[1]: user-runtime-dir@0.service: Succeeded.
Nov 16 09:44:41 Zero.local systemd[1]: Stopped User runtime directory /run/user/0.
Nov 16 09:44:41 Zero.local systemd[1]: Removed slice User Slice of UID 0.
Nov 16 09:49:31 Zero.local chronyd[607]: Selected source 192.36.143.130 (2.pool.ntp.org)
Nov 16 09:58:23 Zero.local systemd[1]: Starting Cleanup of Temporary Directories...
Nov 16 09:58:23 Zero.local systemd[1]: systemd-tmpfiles-clean.service: Succeeded.
Nov 16 09:58:23 Zero.local systemd[1]: Started Cleanup of Temporary Directories.
Nov 16 10:01:01 Zero.local CROND[1193]: (root) CMD (run-parts /etc/cron.hourly)
Nov 16 10:01:01 Zero.local run-parts[1196]: (/etc/cron.hourly) starting 0anacron
Nov 16 10:01:01 Zero.local anacron[1202]: Anacron started on 2024-11-16
Nov 16 10:01:01 Zero.local anacron[1202]: Will run job `cron.daily' in 38 min.
Nov 16 10:01:01 Zero.local anacron[1202]: Will run job `cron.weekly' in 58 min.
Nov 16 10:01:01 Zero.local anacron[1202]: Will run job `cron.monthly' in 78 min.
Nov 16 10:01:01 Zero.local anacron[1202]: Jobs will be executed sequentially
Nov 16 10:01:01 Zero.local run-parts[1204]: (/etc/cron.hourly) finished 0anacron
Nov 16 10:02:42 Zero.local sshd[1205]: error: kex_exchange_identification: Connection closed by remote host
Nov 16 10:10:33 Zero.local systemd[1]: Starting dnf makecache...
Nov 16 10:10:34 Zero.local dnf[1208]: Oracle Linux 8 BaseOS Latest (x86_64)            37 kB/s | 4.3 kB     00:00
Nov 16 10:10:51 Zero.local dnf[1208]: Oracle Linux 8 BaseOS Latest (x86_64)           4.7 MB/s |  82 MB     00:17
Nov 16 10:11:06 Zero.local dnf[1208]: Oracle Linux 8 Application Stream (x86_64)       37 kB/s | 4.5 kB     00:00
Nov 16 10:11:20 Zero.local dnf[1208]: Oracle Linux 8 Application Stream (x86_64)      4.6 MB/s |  65 MB     00:14
Nov 16 10:11:35 Zero.local dnf[1208]: Latest Unbreakable Enterprise Kernel Release 6   31 kB/s | 3.5 kB     00:00
Nov 16 10:11:57 Zero.local dnf[1208]: Latest Unbreakable Enterprise Kernel Release 6  4.7 MB/s | 105 MB     00:22
Nov 16 10:12:19 Zero.local dnf[1208]: Last metadata expiration check: 0:00:15 ago on Sat 16 Nov 2024 10:11:57 AM UTC.
Nov 16 10:12:24 Zero.local dnf[1208]: Metadata cache created.
Nov 16 10:12:24 Zero.local systemd[1]: dnf-makecache.service: Succeeded.
Nov 16 10:12:24 Zero.local systemd[1]: Started dnf makecache.
Nov 16 10:21:51 Zero.local sshd[1229]: error: kex_exchange_identification: Connection closed by remote host
Nov 16 10:30:13 Zero.local sshd[1232]: Connection reset by 147.185.132.225 port 61684 [preauth]
Nov 16 10:33:40 Zero.local sshd[1235]: error: kex_exchange_identification: Connection closed by remote host
Nov 16 10:33:41 Zero.local sshd[1237]: Connection closed by 118.193.43.141 port 41212 [preauth]
Nov 16 10:33:42 Zero.local sshd[1240]: Connection closed by 118.193.43.141 port 41640 [preauth]
Nov 16 10:39:01 Zero.local anacron[1202]: Job `cron.daily' started
Nov 16 10:39:01 Zero.local run-parts[1247]: (/etc/cron.daily) starting logrotate
